ARM Linker, 4.1 [Build 481] [Standard]

==============================================================================

Section Cross References

    main.o(.text) refers to _printf_pad.o(.text) for _printf_pre_padding
    main.o(.text) refers to _printf_percent.o(.ARM.Collect$$_printf_percent$$00000000) for _printf_percent
    main.o(.text) refers to _printf_d.o(.ARM.Collect$$_printf_percent$$00000009) for _printf_d
    main.o(.text) refers to _printf_dec.o(.text) for _printf_int_dec
    main.o(.text) refers to lcd1602.o(.text) for LCD_Init
    main.o(.text) refers to ds1302.o(.text) for DS1302_Init
    main.o(.text) refers to noretval__2sprintf.o(.text) for __2sprintf
    main.o(.text) refers to os_time.o(.text) for OSTimeDlyHMSM
    main.o(.text) refers to bsp.o(.text) for BSP_Init
    main.o(.text) refers to os_core.o(.text) for OSStatInit
    main.o(.text) refers to os_task.o(.text) for OSTaskCreate
    main.o(.text) refers to stm32f10x_gpio.o(.text) for GPIO_SetBits
    main.o(.text) refers to os_mutex.o(.text) for OSMutexCreate
    main.o(.text) refers to os_sem.o(.text) for OSSemCreate
    main.o(.text) refers to 24c64.o(.text) for AT24C64_Init
    main.o(.text) refers to main.o(.constdata) for .constdata
    main.o(.text) refers to main.o(.bss) for timebuf
    main.o(.text) refers to main.o(.data) for mutex
    stm32f10x_vector.o(STACK) refers (Special) to heapauxi.o(.text) for __use_two_region_memory
    stm32f10x_vector.o(HEAP) refers (Special) to heapauxi.o(.text) for __use_two_region_memory
    stm32f10x_vector.o(RESET) refers (Special) to heapauxi.o(.text) for __use_two_region_memory
    stm32f10x_vector.o(RESET) refers to stm32f10x_vector.o(STACK) for __initial_sp
    stm32f10x_vector.o(RESET) refers to stm32f10x_vector.o(.text) for Reset_Handler
    stm32f10x_vector.o(RESET) refers to stm32f10x_it.o(.text) for NMIException
    stm32f10x_vector.o(RESET) refers to os_cpu_a.o(.text) for OS_CPU_PendSVHandler
    stm32f10x_vector.o(.text) refers (Special) to heapauxi.o(.text) for __use_two_region_memory
    stm32f10x_vector.o(.text) refers to __main.o(!!!main) for __main
    stm32f10x_vector.o(.text) refers to stm32f10x_vector.o(HEAP) for Heap_Mem
    stm32f10x_vector.o(.text) refers to stm32f10x_vector.o(STACK) for Stack_Mem
    lcd1602.o(.text) refers to stm32f10x_gpio.o(.text) for GPIO_WriteBit
    lcd1602.o(.text) refers to rt_memclr.o(.text) for __aeabi_memclr
    lcd1602.o(.text) refers to lcd1602.o(.bss) for framebuffer
    ds1302.o(.text) refers to stm32f10x_gpio.o(.text) for GPIO_WriteBit
    24c64.o(.text) refers to os_time.o(.text) for OSTimeDlyHMSM
    24c64.o(.text) refers to stm32f10x_gpio.o(.text) for GPIO_WriteBit
    bsp.o(.text) refers to stm32f10x_rcc.o(.text) for RCC_APB2PeriphClockCmd
    bsp.o(.text) refers to stm32f10x_tim.o(.text) for TIM_DeInit
    bsp.o(.text) refers to stm32f10x_systick.o(.text) for SysTick_SetReload
    bsp.o(.text) refers to stm32f10x_nvic.o(.text) for NVIC_PriorityGroupConfig
    bsp.o(.text) refers to stm32f10x_gpio.o(.text) for GPIO_PinRemapConfig
    bsp.o(.text) refers to stm32f10x_flash.o(.text) for FLASH_PrefetchBufferCmd
    bsp.o(.text) refers to stm32f10x_wwdg.o(.text) for WWDG_SetPrescaler
    bsp.o(.text) refers to stm32f10x_usart.o(.text) for USART_ClockInit
    bsp.o(.text) refers to bsp.o(.data) for HSEStartUpStatus
    os_cpu_a.o(.text) refers to os_core.o(.data) for OSRunning
    os_cpu_a.o(.text) refers to os_cpu_c.o(.text) for OSTaskSwHook
    os_cpu_c.o(.text) refers to os_tmr.o(.text) for OSTmrSignal
    os_cpu_c.o(.text) refers to os_cpu_c.o(.data) for OSTmrCtr
    os_dbg.o(.text) refers to os_dbg.o(.constdata) for OSDebugEn
    os_core.o(.text) refers to os_cpu_a.o(.text) for OS_CPU_SR_Save
    os_core.o(.text) refers to os_core.o(.data) for OSIntNesting
    os_core.o(.text) refers to os_core.o(.constdata) for OSUnMapTbl
    os_core.o(.text) refers to os_core.o(.bss) for OSTCBPrioTbl
    os_core.o(.text) refers to os_task.o(.text) for OSTaskStkChk
    os_core.o(.text) refers to os_time.o(.text) for OSTimeDly
    os_core.o(.text) refers to os_cpu_c.o(.text) for OSTaskStatHook
    os_core.o(.text) refers to os_flag.o(.text) for OS_FlagInit
    os_core.o(.text) refers to os_mem.o(.text) for OS_MemInit
    os_core.o(.text) refers to os_q.o(.text) for OS_QInit
    os_core.o(.text) refers to os_tmr.o(.text) for OSTmr_Init
    os_core.o(.text) refers to os_dbg.o(.text) for OSDebugInit
    os_flag.o(.text) refers to os_cpu_a.o(.text) for OS_CPU_SR_Save
    os_flag.o(.text) refers to os_core.o(.text) for OS_Sched
    os_flag.o(.text) refers to os_core.o(.data) for OSIntNesting
    os_flag.o(.text) refers to os_core.o(.bss) for OSFlagTbl
    os_mbox.o(.text) refers to os_cpu_a.o(.text) for OS_CPU_SR_Save
    os_mbox.o(.text) refers to os_core.o(.text) for OS_EventWaitListInit
    os_mbox.o(.text) refers to os_core.o(.data) for OSIntNesting
[...]
    OS_InitEventList                         0x08001903   Thumb Code    70  os_core.o(.text)
    OS_InitTCBList                           0x08001949   Thumb Code    88  os_core.o(.text)
    OS_InitRdyList                           0x080019a1   Thumb Code    46  os_core.o(.text)
    OS_InitMisc                              0x080019cf   Thumb Code    44  os_core.o(.text)
    .text                                    0x08001fd0   Section        0  os_flag.o(.text)
    OS_FlagTaskRdy                           0x0800214d   Thumb Code    96  os_flag.o(.text)
    OS_FlagBlock                             0x08002345   Thumb Code   152  os_flag.o(.text)
    .text                                    0x08002814   Section        0  os_mem.o(.text)
    .text                                    0x08002a10   Section        0  os_mutex.o(.text)
    OSMutex_RdyAtPrio                        0x08002b2d   Thumb Code   112  os_mutex.o(.text)
    .text                                    0x08003040   Section        0  os_q.o(.text)
    .text                                    0x0800363c   Section        0  os_sem.o(.text)
    .text                                    0x080039fc   Section        0  os_task.o(.text)
    .text                                    0x080041cc   Section        0  os_time.o(.text)
    .text                                    0x08004394   Section        0  os_tmr.o(.text)
    OSTmr_Unlock                             0x08004395   Thumb Code    12  os_tmr.o(.text)
    OSTmr_Alloc                              0x080043a1   Thumb Code    50  os_tmr.o(.text)
    OSTmr_Lock                               0x080043d3   Thumb Code    16  os_tmr.o(.text)
    OSTmr_Free                               0x08004477   Thumb Code    66  os_tmr.o(.text)
    OSTmr_Unlink                             0x080044b9   Thumb Code    62  os_tmr.o(.text)
    OSTmr_Link                               0x080046e5   Thumb Code   100  os_tmr.o(.text)
    OSTmr_Task                               0x080048b1   Thumb Code   114  os_tmr.o(.text)
    OSTmr_InitTask                           0x08004923   Thumb Code    54  os_tmr.o(.text)
    .text                                    0x08004a50   Section        0  stm32f10x_flash.o(.text)
    delay                                    0x08004adf   Thumb Code    14  stm32f10x_flash.o(.text)
    .text                                    0x08004f84   Section        0  stm32f10x_gpio.o(.text)
    .text                                    0x080052ac   Section        0  stm32f10x_it.o(.text)
    .text                                    0x08005370   Section        0  stm32f10x_nvic.o(.text)
    .text                                    0x080057c8   Section        0  stm32f10x_rcc.o(.text)
    .text                                    0x08005b80   Section        0  stm32f10x_systick.o(.text)
    .text                                    0x08005c44   Section        0  stm32f10x_tim.o(.text)
    TI4_Config                               0x08005f47   Thumb Code    70  stm32f10x_tim.o(.text)
    TI3_Config                               0x08005f9f   Thumb Code    64  stm32f10x_tim.o(.text)
    TI2_Config                               0x08005ff5   Thumb Code    84  stm32f10x_tim.o(.text)
    TI1_Config                               0x0800605b   Thumb Code    54  stm32f10x_tim.o(.text)
    .text                                    0x0800678c   Section        0  stm32f10x_usart.o(.text)
    .text                                    0x08006b04   Section        0  stm32f10x_wwdg.o(.text)
    .text                                    0x08006b90   Section        0  noretval__2sprintf.o(.text)
    .text                                    0x08006bb8   Section        0  _printf_pad.o(.text)
    .text                                    0x08006c08   Section        0  _printf_dec.o(.text)
    .text                                    0x08006c7c   Section        0  __printf_flags_wp.o(.text)
    .text                                    0x08006dc0   Section       68  rt_memclr.o(.text)
    .text                                    0x08006e04   Section        0  heapauxi.o(.text)
    .text                                    0x08006e0a   Section        0  _printf_intcommon.o(.text)
    .text                                    0x08006ec0   Section        0  _printf_char_common.o(.text)
    _printf_input_char                       0x08006ec1   Thumb Code    10  _printf_char_common.o(.text)
    .text                                    0x08006ef0   Section        0  _sputc.o(.text)
    .text                                    0x08006efa   Section       78  rt_memclr_w.o(.text)
    .text                                    0x08006f48   Section       16  rtudiv10.o(.text)
    .text                                    0x08006f58   Section       74  sys_stackheap_outer.o(.text)
    .text                                    0x08006fa2   Section        0  exit.o(.text)
    .text                                    0x08006fb0   Section        8  libspace.o(.text)
    .text                                    0x08006fb8   Section       12  rt_fp_status_addr_intlibspace.o(.text)
    .text                                    0x08006fc4   Section        0  sys_exit.o(.text)
    .text                                    0x08006fd0   Section        2  use_no_semi.o(.text)
    x$fpl$fpinit                             0x08006fd2   Section       14  fpinit.o(x$fpl$fpinit)
    .constdata                               0x08006fe0   Section        8  main.o(.constdata)
    .constdata                               0x08006fe8   Section       94  os_dbg.o(.constdata)
    .constdata                               0x08007046   Section      256  os_core.o(.constdata)
    .constdata                               0x08007146   Section       20  stm32f10x_rcc.o(.constdata)
    APBAHBPrescTable                         0x08007146   Data          16  stm32f10x_rcc.o(.constdata)
    ADCPrescTable                            0x08007156   Data           4  stm32f10x_rcc.o(.constdata)
    .constdata                               0x0800715a   Section       17  __printf_flags_wp.o(.constdata)
    maptable                                 0x0800715a   Data          17  __printf_flags_wp.o(.constdata)
    .data                                    0x20000000   Section        9  main.o(.data)
    .data                                    0x20000009   Section        1  bsp.o(.data)
    HSEStartUpStatus                         0x20000009   Data           1  bsp.o(.data)
    .data                                    0x2000000a   Section        2  os_cpu_c.o(.data)
    OSTmrCtr                                 0x2000000a   Data           2  os_cpu_c.o(.data)
    .data                                    0x2000000c   Section       96  os_core.o(.data)
    .data                                    0x2000006c   Section        5  stm32f10x_rcc.o(.data)
    StartUpCounter                           0x2000006c   Data           4  stm32f10x_rcc.o(.data)
    HSEStatus                                0x20000070   Data           1  stm32f10x_rcc.o(.data)
    .bss                                     0x20000074   Section      848  main.o(.bss)
    TaskStartStk                             0x200000a4   Data         400  main.o(.bss)
    Task1Stk                                 0x20000234   Data         400  main.o(.bss)
    .bss                                     0x200003c4   Section       32  lcd1602.o(.bss)
    framebuffer                              0x200003c4   Data          32  lcd1602.o(.bss)
    .bss                                     0x200003e4   Section     5848  os_core.o(.bss)
    .bss                                     0x20001abc   Section       96  libspace.o(.bss)
    HEAP                                     0x20001b20   Section     1024  stm32f10x_vector.o(HEAP)
    Heap_Mem                                 0x20001b20   Data        1024  stm32f10x_vector.o(HEAP)
    STACK                                    0x20001f20   Section     1024  stm32f10x_vector.o(STACK)
    Stack_Mem                                0x20001f20   Data        1024  stm32f10x_vector.o(STACK)
    __initial_sp                             0x20002320   Data           0  stm32f10x_vector.o(STACK)

    Global Symbols

    Symbol Name                              Value     Ov Type        Size  Object(Section)

    BuildAttributes$$THM_ISAv4$P$D$K$B$S$PE$A:L22UL41UL21$X:L11$S22US41US21$IEEE1$IW$USESV6$~STKCKD$USESV7$~SHL$OSPACE$ROPI$EBA8$UX$STANDARDLIB$REQ8$PRES8$EABIv2 0x00000000   Number         0  anon$$obj.o ABSOLUTE
    __ARM_use_no_argv                        0x00000000   Number         0  main.o ABSOLUTE
    _printf_flags                            0x00000000   Number         0  printf_stubs.o ABSOLUTE
    _printf_return_value                     0x00000000   Number         0  printf_stubs.o ABSOLUTE
    _printf_sizespec                         0x00000000   Number         0  printf_stubs.o ABSOLUTE
    _printf_widthprec                        0x00000000   Number         0  printf_stubs.o ABSOLUTE
    __ARM_exceptions_init                     - Undefined Weak Reference
    __alloca_initialize                       - Undefined Weak Reference
    __cpp_initialize__aeabi_                  - Undefined Weak Reference
    __cxa_finalize                            - Undefined Weak Reference
    __rt_locale                               - Undefined Weak Reference
    __sigvec_lookup                           - Undefined Weak Reference
    _atexit_init                              - Undefined Weak Reference
    _call_atexit_fns                          - Undefined Weak Reference
    _clock_init                               - Undefined Weak Reference
    _fp_trap_init                             - Undefined Weak Reference
    _fp_trap_shutdown                         - Undefined Weak Reference
    _get_lc_collate                           - Undefined Weak Reference
    _get_lc_ctype                             - Undefined Weak Reference
    _get_lc_monetary                          - Undefined Weak Reference
    _get_lc_numeric                           - Undefined Weak Reference
    _get_lc_time                              - Undefined Weak Reference
    _getenv_init                              - Undefined Weak Reference
    _handle_redirection                       - Undefined Weak Reference
    _init_alloc                               - Undefined Weak Reference
    _init_user_alloc                          - Undefined Weak Reference
    _initio                                   - Undefined Weak Reference
    _printf_truncate_signed                   - Undefined Weak Reference
    _printf_truncate_unsigned                 - Undefined Weak Reference
    _rand_init                                - Undefined Weak Reference
    _signal_finish                            - Undefined Weak Reference
    _signal_init                              - Undefined Weak Reference
    _terminate_alloc                          - Undefined Weak Reference
    _terminate_user_alloc                     - Undefined Weak Reference
    _terminateio                              - Undefined Weak Reference
    __Vectors                                0x08000000   Data           4  stm32f10x_vector.o(RESET)
    __main                                   0x08000131   Thumb Code     8  __main.o(!!!main)
    __scatterload                            0x08000139   Thumb Code     0  __scatter.o(!!!scatter)
    __scatterload_rt2                        0x08000139   Thumb Code    44  __scatter.o(!!!scatter)
    __scatterload_rt2_thumb_only             0x08000139   Thumb Code     0  __scatter.o(!!!scatter)
    __scatterload_null                       0x08000147   Thumb Code     0  __scatter.o(!!!scatter)
    __scatterload_copy                       0x0800016d   Thumb Code    26  __scatter_copy.o(!!handler_copy)
    __scatterload_zeroinit                   0x08000189   Thumb Code    28  __scatter_zi.o(!!handler_zi)
    _printf_d                                0x080001a5   Thumb Code     0  _printf_d.o(.ARM.Collect$$_printf_percent$$00000009)
    _printf_percent                          0x080001a5   Thumb Code     0  _printf_percent.o(.ARM.Collect$$_printf_percent$$00000000)
    _printf_percent_end                      0x080001ab   Thumb Code     0  _printf_percent_end.o(.ARM.Collect$$_printf_percent$$00000017)
    __rt_lib_init                            0x080001af   Thumb Code     0  libinit.o(.ARM.Collect$$libinit$$00000000)
    __rt_lib_init_alloca_1                   0x080001b5   Thumb Code     0  libinit2.o(.ARM.Collect$$libinit$$0000002A)
    __rt_lib_init_argv_1                     0x080001b5   Thumb Code     0  libinit2.o(.ARM.Collect$$libinit$$00000028)
    __rt_lib_init_atexit_1                   0x080001b5   Thumb Code     0  libinit2.o(.ARM.Collect$$libinit$$00000017)
    __rt_lib_init_clock_1                    0x080001b5   Thumb Code     0  libinit2.o(.ARM.Collect$$libinit$$0000001D)
    __rt_lib_init_cpp_1                      0x080001b5   Thumb Code     0  libinit2.o(.ARM.Collect$$libinit$$0000002E)
    __rt_lib_init_exceptions_1               0x080001b5   Thumb Code     0  libinit2.o(.ARM.Collect$$libinit$$0000002C)
    __rt_lib_init_fp_trap_1                  0x080001b5   Thumb Code     0  libinit2.o(.ARM.Collect$$libinit$$0000001B)
    __rt_lib_init_getenv_1                   0x080001b5   Thumb Code     0  libinit2.o(.ARM.Collect$$libinit$$0000001F)
    __rt_lib_init_heap_1                     0x080001b5   Thumb Code     0  libinit2.o(.ARM.Collect$$libinit$$00000006)
    __rt_lib_init_lc_collate_1               0x080001b5   Thumb Code     0  libinit2.o(.ARM.Collect$$libinit$$0000000D)
    __rt_lib_init_lc_ctype_1                 0x080001b5   Thumb Code     0  libinit2.o(.ARM.Collect$$libinit$$0000000F)
    __rt_lib_init_lc_monetary_1              0x080001b5   Thumb Code     0  libinit2.o(.ARM.Collect$$libinit$$00000011)
    __rt_lib_init_lc_numeric_1               0x080001b5   Thumb Code     0  libinit2.o(.ARM.Collect$$libinit$$00000013)
    __rt_lib_init_lc_time_1                  0x080001b5   Thumb Code     0  libinit2.o(.ARM.Collect$$libinit$$00000015)
    __rt_lib_init_rand_1                     0x080001b5   Thumb Code     0  libinit2.o(.ARM.Collect$$libinit$$0000000A)
    __rt_lib_init_return                     0x080001b5   Thumb Code     0  libinit2.o(.ARM.Collect$$libinit$$0000002F)
    __rt_lib_init_signal_1                   0x080001b5   Thumb Code     0  libinit2.o(.ARM.Collect$$libinit$$00000019)
    __rt_lib_init_stdio_1                    0x080001b5   Thumb Code     0  libinit2.o(.ARM.Collect$$libinit$$00000021)
    __rt_lib_init_user_alloc_1               0x080001b5   Thumb Code     0  libinit2.o(.ARM.Collect$$libinit$$00000008)
    __rt_lib_shutdown                        0x080001b7   Thumb Code     0  libshutdown.o(.ARM.Collect$$libshutdown$$00000000)
    __rt_lib_shutdown_fp_trap_1              0x080001b9   Thumb Code     0  libshutdown2.o(.ARM.Collect$$libshutdown$$00000006)
    __rt_lib_shutdown_heap_1                 0x080001b9   Thumb Code     0  libshutdown2.o(.ARM.Collect$$libshutdown$$0000000E)
    __rt_lib_shutdown_return                 0x080001b9   Thumb Code     0  libshutdown2.o(.ARM.Collect$$libshutdown$$0000000F)
    __rt_lib_shutdown_signal_1               0x080001b9   Thumb Code     0  libshutdown2.o(.ARM.Collect$$libshutdown$$00000009)
    __rt_lib_shutdown_stdio_1                0x080001b9   Thumb Code     0  libshutdown2.o(.ARM.Collect$$libshutdown$$00000003)
    __rt_lib_shutdown_user_alloc_1           0x080001b9   Thumb Code     0  libshutdown2.o(.ARM.Collect$$libshutdown$$0000000B)
    __rt_entry                               0x080001bb   Thumb Code     0  rtentry.o(.ARM.Collect$$rtentry$$00000000)
    __rt_entry_presh_1                       0x080001bb   Thumb Code     0  rtentry2.o(.ARM.Collect$$rtentry$$00000002)
    __rt_entry_sh                            0x080001bb   Thumb Code     0  rtentry4.o(.ARM.Collect$$rtentry$$00000004)
    __rt_entry_li                            0x080001c1   Thumb Code     0  rtentry2.o(.ARM.Collect$$rtentry$$0000000A)
    __rt_entry_postsh_1                      0x080001c1   Thumb Code     0  rtentry2.o(.ARM.Collect$$rtentry$$00000009)
    __rt_entry_main                          0x080001c5   Thumb Code     0  rtentry2.o(.ARM.Collect$$rtentry$$0000000D)
    __rt_entry_postli_1                      0x080001c5   Thumb Code     0  rtentry2.o(.ARM.Collect$$rtentry$$0000000C)
    __rt_exit                                0x080001cd   Thumb Code     0  rtexit.o(.ARM.Collect$$rtexit$$00000000)
    __rt_exit_ls                             0x080001cf   Thumb Code     0  rtexit2.o(.ARM.Collect$$rtexit$$00000003)
    __rt_exit_prels_1                        0x080001cf   Thumb Code     0  rtexit2.o(.ARM.Collect$$rtexit$$00000002)
    __rt_exit_exit                           0x080001d3   Thumb Code     0  rtexit2.o(.ARM.Collect$$rtexit$$00000004)
    DS1302_Test                              0x080001d9   Thumb Code    96  main.o(.text)
    main                                     0x08000315   Thumb Code   228  main.o(.text)
    LCD_Test                                 0x080003f9   Thumb Code    88  main.o(.text)
    AT24C64_Test                             0x08000451   Thumb Code    54  main.o(.text)
    __WFI                                    0x08000509   Thumb Code     0  cortexm3_macro.o(.text)
    __WFE                                    0x0800050d   Thumb Code     0  cortexm3_macro.o(.text)
    __SEV                                    0x08000511   Thumb Code     0  cortexm3_macro.o(.text)
    __ISB                                    0x08000515   Thumb Code     0  cortexm3_macro.o(.text)
    __DSB                                    0x0800051b   Thumb Code     0  cortexm3_macro.o(.text)
    __DMB                                    0x08000521   Thumb Code     0  cortexm3_macro.o(.text)
    __SVC                                    0x08000527   Thumb Code     0  cortexm3_macro.o(.text)
    __MRS_CONTROL                            0x0800052b   Thumb Code     0  cortexm3_macro.o(.text)
    __MSR_CONTROL                            0x08000531   Thumb Code     0  cortexm3_macro.o(.text)
    __MRS_PSP                                0x0800053b   Thumb Code     0  cortexm3_macro.o(.text)
    __MSR_PSP                                0x08000541   Thumb Code     0  cortexm3_macro.o(.text)
    __MRS_MSP                                0x08000547   Thumb Code     0  cortexm3_macro.o(.text)
    __MSR_MSP                                0x0800054d   Thumb Code     0  cortexm3_macro.o(.text)
    __RESETPRIMASK                           0x08000553   Thumb Code     0  cortexm3_macro.o(.text)
    __SETPRIMASK                             0x08000557   Thumb Code     0  cortexm3_macro.o(.text)
    __READ_PRIMASK                           0x0800055b   Thumb Code     0  cortexm3_macro.o(.text)
    __SETFAULTMASK                           0x08000561   Thumb Code     0  cortexm3_macro.o(.text)
    __RESETFAULTMASK                         0x08000565   Thumb Code     0  cortexm3_macro.o(.text)
    __READ_FAULTMASK                         0x08000569   Thumb Code     0  cortexm3_macro.o(.text)
    __BASEPRICONFIG                          0x0800056f   Thumb Code     0  cortexm3_macro.o(.text)
    __GetBASEPRI                             0x08000575   Thumb Code     0  cortexm3_macro.o(.text)
    __REV_HalfWord                           0x0800057b   Thumb Code     0  cortexm3_macro.o(.text)
    __REV_Word                               0x0800057f   Thumb Code     0  cortexm3_macro.o(.text)
    Reset_Handler                            0x08000585   Thumb Code     4  stm32f10x_vector.o(.text)
    __user_initial_stackheap                 0x08000589   Thumb Code     0  stm32f10x_vector.o(.text)
    LCD_Light                                0x0800066d   Thumb Code    30  lcd1602.o(.text)
    LCD_Clear                                0x0800068b   Thumb Code    20  lcd1602.o(.text)
    LCD_Init                                 0x0800069f   Thumb Code   136  lcd1602.o(.text)
    LCD_Write_String                         0x08000727   Thumb Code    90  lcd1602.o(.text)
    LCD_Write_Char                           0x08000781   Thumb Code    54  lcd1602.o(.text)
    DS1302_WriteTime                         0x080008c5   Thumb Code   254  ds1302.o(.text)
    DS1302_ReadTime                          0x080009c3   Thumb Code   302  ds1302.o(.text)
    DS1302_Init                              0x08000af1   Thumb Code    60  ds1302.o(.text)
    DelayMs                                  0x08000b31   Thumb Code    18  24c64.o(.text)
    I2C_Start                                0x08000b43   Thumb Code    44  24c64.o(.text)
    I2C_Stop                                 0x08000b6f   Thumb Code    44  24c64.o(.text)
    I2C_NoAck                                0x08000b9b   Thumb Code    34  24c64.o(.text)
    I2C_TestAck                              0x08000bbd   Thumb Code    46  24c64.o(.text)
    I2C_Write8Bit                            0x08000beb   Thumb Code    52  24c64.o(.text)
    AT24C64_Write                            0x08000c1f   Thumb Code    62  24c64.o(.text)
    I2C_Read8Bit                             0x08000c5d   Thumb Code    72  24c64.o(.text)
    AT24C64_Read                             0x08000ca5   Thumb Code    72  24c64.o(.text)
    AT24C64_Init                             0x08000ced   Thumb Code    50  24c64.o(.text)
    TIM1_Configuration                       0x08000d25   Thumb Code    82  bsp.o(.text)
    NVIC_Configuration                       0x08000da5   Thumb Code   158  bsp.o(.text)
    GPIO_Configuration                       0x08000e43   Thumb Code    80  bsp.o(.text)
    RCC_Configuration                        0x08000e93   Thumb Code   110  bsp.o(.text)
    BSP_Init                                 0x08000f01   Thumb Code    24  bsp.o(.text)
    WWDG_Configuration                       0x08000f19   Thumb Code    40  bsp.o(.text)
    USART1_Configuration                     0x08000f41   Thumb Code   116  bsp.o(.text)
    USART4_Configuration                     0x08000fb5   Thumb Code    80  bsp.o(.text)
    OS_CPU_SR_Save                           0x0800101d   Thumb Code     0  os_cpu_a.o(.text)
    OS_CPU_SR_Restore                        0x08001025   Thumb Code     0  os_cpu_a.o(.text)
    OSStartHighRdy                           0x0800102b   Thumb Code     0  os_cpu_a.o(.text)
    OSCtxSw                                  0x0800104b   Thumb Code     0  os_cpu_a.o(.text)
    OSIntCtxSw                               0x08001055   Thumb Code     0  os_cpu_a.o(.text)
    OS_CPU_PendSVHandler                     0x0800105f   Thumb Code     0  os_cpu_a.o(.text)
    OSInitHookBegin                          0x080010c1   Thumb Code     8  os_cpu_c.o(.text)
    OSInitHookEnd                            0x080010c9   Thumb Code     2  os_cpu_c.o(.text)
    OSTaskCreateHook                         0x080010cb   Thumb Code     2  os_cpu_c.o(.text)
    OSTaskDelHook                            0x080010cd   Thumb Code     2  os_cpu_c.o(.text)
    OSTaskIdleHook                           0x080010cf   Thumb Code     2  os_cpu_c.o(.text)
    OSTaskStatHook                           0x080010d1   Thumb Code     2  os_cpu_c.o(.text)
    OSTaskStkInit                            0x080010d3   Thumb Code   154  os_cpu_c.o(.text)
    OSTaskSwHook                             0x0800116d   Thumb Code     2  os_cpu_c.o(.text)
    OSTCBInitHook                            0x0800116f   Thumb Code     2  os_cpu_c.o(.text)
    OSTimeTickHook                           0x08001171   Thumb Code    30  os_cpu_c.o(.text)
    OSDebugInit                              0x08001195   Thumb Code    94  os_dbg.o(.text)
    OS_StrCopy                               0x080012a9   Thumb Code    28  os_core.o(.text)
    OSEventNameGet                           0x080012c5   Thumb Code   100  os_core.o(.text)
    OS_StrLen                                0x08001329   Thumb Code    20  os_core.o(.text)
    OSEventNameSet                           0x0800133d   Thumb Code   120  os_core.o(.text)
    OS_EventTaskRemoveMulti                  0x080013b5   Thumb Code    60  os_core.o(.text)
    OS_Sched                                 0x0800140b   Thumb Code    86  os_core.o(.text)
    OS_EventTaskWaitMulti                    0x08001461   Thumb Code   136  os_core.o(.text)
    OSEventPendMulti                         0x080014e9   Thumb Code   720  os_core.o(.text)
    OS_TaskStatStkChk                        0x080017b9   Thumb Code    54  os_core.o(.text)
    OS_TaskStat                              0x080017ef   Thumb Code   114  os_core.o(.text)
    OS_TaskIdle                              0x08001899   Thumb Code    32  os_core.o(.text)
    OS_MemClr                                0x080018f1   Thumb Code    18  os_core.o(.text)
    OSInit                                   0x080019fb   Thumb Code    56  os_core.o(.text)
    OSIntEnter                               0x08001a33   Thumb Code    28  os_core.o(.text)
    OSIntExit                                0x08001a4f   Thumb Code   112  os_core.o(.text)
    OSSchedLock                              0x08001abf   Thumb Code   182  os_core.o(.text)
    OSSchedUnlock                            0x08001b75   Thumb Code    84  os_core.o(.text)
    OSStart                                  0x08001bc9   Thumb Code    48  os_core.o(.text)
    OSStatInit                               0x08001bf9   Thumb Code    62  os_core.o(.text)
    OSTimeTick                               0x08001c37   Thumb Code   220  os_core.o(.text)
    OSVersion                                0x08001d13   Thumb Code     6  os_core.o(.text)
    OS_Dummy                                 0x08001d19   Thumb Code     2  os_core.o(.text)
    OS_EventTaskRemove                       0x08001d1b   Thumb Code    42  os_core.o(.text)
    OS_EventTaskRdy                          0x08001d45   Thumb Code   132  os_core.o(.text)
    OS_EventTaskWait                         0x08001dc9   Thumb Code   112  os_core.o(.text)
    OS_EventWaitListInit                     0x08001e39   Thumb Code    28  os_core.o(.text)
    OS_MemCopy                               0x08001e55   Thumb Code    20  os_core.o(.text)
    OS_TCBInit                               0x08001e69   Thumb Code   360  os_core.o(.text)
    OSFlagAccept                             0x08001fd1   Thumb Code   252  os_flag.o(.text)
    OSFlagCreate                             0x080020cd   Thumb Code    92  os_flag.o(.text)
    OS_FlagUnlink                            0x08002129   Thumb Code    36  os_flag.o(.text)
    OSFlagDel                                0x080021ad   Thumb Code   224  os_flag.o(.text)
    OSFlagNameGet                            0x0800228d   Thumb Code    82  os_flag.o(.text)
    OSFlagNameSet                            0x080022df   Thumb Code   102  os_flag.o(.text)
    OSFlagPend                               0x080023dd   Thumb Code   614  os_flag.o(.text)
    OSFlagPendGetFlagsRdy                    0x08002643   Thumb Code    26  os_flag.o(.text)
    OSFlagPost                               0x0800265d   Thumb Code   312  os_flag.o(.text)
    OSFlagQuery                              0x08002795   Thumb Code    48  os_flag.o(.text)
    OS_FlagInit                              0x080027c5   Thumb Code    68  os_flag.o(.text)
    OSMemCreate                              0x08002815   Thumb Code   114  os_mem.o(.text)
    OSMemGet                                 0x08002887   Thumb Code    62  os_mem.o(.text)
    OSMemNameGet                             0x080028c5   Thumb Code    62  os_mem.o(.text)
    OSMemNameSet                             0x08002903   Thumb Code    84  os_mem.o(.text)
    OSMemPut                                 0x08002957   Thumb Code    54  os_mem.o(.text)
    OSMemQuery                               0x0800298d   Thumb Code    52  os_mem.o(.text)
    OS_MemInit                               0x080029c1   Thumb Code    68  os_mem.o(.text)
    OSMutexAccept                            0x08002a11   Thumb Code   140  os_mutex.o(.text)
    OSMutexCreate                            0x08002a9d   Thumb Code   144  os_mutex.o(.text)
    OSMutexDel                               0x08002b9d   Thumb Code   286  os_mutex.o(.text)
    OSMutexPend                              0x08002cbb   Thumb Code   592  os_mutex.o(.text)
    OSMutexPost                              0x08002f0b   Thumb Code   190  os_mutex.o(.text)
    OSMutexQuery                             0x08002fc9   Thumb Code   108  os_mutex.o(.text)
    OSQAccept                                0x08003041   Thumb Code    90  os_q.o(.text)
    OSQCreate                                0x0800309b   Thumb Code   150  os_q.o(.text)
    OSQDel                                   0x08003131   Thumb Code   254  os_q.o(.text)
    OSQFlush                                 0x0800322f   Thumb Code    36  os_q.o(.text)
    OSQPend                                  0x08003253   Thumb Code   284  os_q.o(.text)
    OSQPendAbort                             0x0800336f   Thumb Code   128  os_q.o(.text)
    OSQPost                                  0x080033ef   Thumb Code   114  os_q.o(.text)
    OSQPostFront                             0x08003461   Thumb Code   138  os_q.o(.text)
    OSQPostOpt                               0x080034eb   Thumb Code   182  os_q.o(.text)
    OSQQuery                                 0x080035a1   Thumb Code   100  os_q.o(.text)
    OS_QInit                                 0x08003605   Thumb Code    46  os_q.o(.text)
    OSSemAccept                              0x0800363d   Thumb Code    44  os_sem.o(.text)
    OSSemCreate                              0x08003669   Thumb Code    78  os_sem.o(.text)
    OSSemDel                                 0x080036b7   Thumb Code   220  os_sem.o(.text)
    OSSemPend                                0x08003793   Thumb Code   234  os_sem.o(.text)
    OSSemPendAbort                           0x0800387d   Thumb Code   128  os_sem.o(.text)
    OSSemPost                                0x080038fd   Thumb Code    88  os_sem.o(.text)
    OSSemQuery                               0x08003955   Thumb Code    82  os_sem.o(.text)
    OSSemSet                                 0x080039a7   Thumb Code    68  os_sem.o(.text)
    OSTaskChangePrio                         0x080039fd   Thumb Code   396  os_task.o(.text)
    OSTaskCreate                             0x08003b89   Thumb Code   148  os_task.o(.text)
    OS_TaskStkClr                            0x08003c1d   Thumb Code    26  os_task.o(.text)
    OSTaskCreateExt                          0x08003c37   Thumb Code   172  os_task.o(.text)
    OSTaskDel                                0x08003ce3   Thumb Code   360  os_task.o(.text)
    OSTaskDelReq                             0x08003e4b   Thumb Code   100  os_task.o(.text)
    OSTaskNameGet                            0x08003eaf   Thumb Code   116  os_task.o(.text)
    OSTaskNameSet                            0x08003f23   Thumb Code   132  os_task.o(.text)
    OSTaskResume                             0x08003fa7   Thumb Code   160  os_task.o(.text)
    OSTaskStkChk                             0x08004047   Thumb Code   132  os_task.o(.text)
    OSTaskSuspend                            0x080040cb   Thumb Code   152  os_task.o(.text)
    OSTaskQuery                              0x08004163   Thumb Code    82  os_task.o(.text)
    OSTimeDly                                0x080041cd   Thumb Code    96  os_time.o(.text)
    OSTimeDlyHMSM                            0x0800422d   Thumb Code   110  os_time.o(.text)
    OSTimeDlyResume                          0x0800429b   Thumb Code   176  os_time.o(.text)
    OSTimeGet                                0x0800434b   Thumb Code    24  os_time.o(.text)
    OSTimeSet                                0x08004363   Thumb Code    24  os_time.o(.text)
    OSTmrCreate                              0x080043e3   Thumb Code   148  os_tmr.o(.text)
    OSTmrDel                                 0x080044f7   Thumb Code   126  os_tmr.o(.text)
    OSTmrNameGet                             0x08004575   Thumb Code   116  os_tmr.o(.text)
    OSTmrRemainGet                           0x080045e9   Thumb Code   164  os_tmr.o(.text)
    OSTmrStateGet                            0x0800468d   Thumb Code    88  os_tmr.o(.text)
    OSTmrStart                               0x08004749   Thumb Code   162  os_tmr.o(.text)
    OSTmrStop                                0x080047eb   Thumb Code   182  os_tmr.o(.text)
    OSTmrSignal                              0x080048a1   Thumb Code    16  os_tmr.o(.text)
    OSTmr_Init                               0x08004959   Thumb Code   162  os_tmr.o(.text)
    FLASH_SetLatency                         0x08004a51   Thumb Code    22  stm32f10x_flash.o(.text)
    FLASH_HalfCycleAccessCmd                 0x08004a67   Thumb Code    22  stm32f10x_flash.o(.text)
    FLASH_PrefetchBufferCmd                  0x08004a7d   Thumb Code    22  stm32f10x_flash.o(.text)
    FLASH_Unlock                             0x08004a93   Thumb Code    12  stm32f10x_flash.o(.text)
    FLASH_Lock                               0x08004a9f   Thumb Code    14  stm32f10x_flash.o(.text)
    FLASH_GetStatus                          0x08004aad   Thumb Code    50  stm32f10x_flash.o(.text)
    FLASH_WaitForLastOperation               0x08004aed   Thumb Code    42  stm32f10x_flash.o(.text)
    FLASH_ErasePage                          0x08004b17   Thumb Code    76  stm32f10x_flash.o(.text)
    FLASH_EraseAllPages                      0x08004b63   Thumb Code    72  stm32f10x_flash.o(.text)
    FLASH_EraseOptionBytes                   0x08004bab   Thumb Code   144  stm32f10x_flash.o(.text)
    FLASH_ProgramWord                        0x08004c3b   Thumb Code   100  stm32f10x_flash.o(.text)
    FLASH_ProgramHalfWord                    0x08004c9f   Thumb Code    64  stm32f10x_flash.o(.text)
    FLASH_ProgramOptionByteData              0x08004cdf   Thumb Code    72  stm32f10x_flash.o(.text)
    FLASH_EnableWriteProtection              0x08004d27   Thumb Code   178  stm32f10x_flash.o(.text)
    FLASH_ReadOutProtection                  0x08004dd9   Thumb Code   186  stm32f10x_flash.o(.text)
    FLASH_UserOptionByteConfig               0x08004e93   Thumb Code    94  stm32f10x_flash.o(.text)
    FLASH_GetUserOptionByte                  0x08004ef1   Thumb Code     8  stm32f10x_flash.o(.text)
    FLASH_GetWriteProtectionOptionByte       0x08004ef9   Thumb Code     6  stm32f10x_flash.o(.text)
    FLASH_GetReadOutProtectionStatus         0x08004eff   Thumb Code    20  stm32f10x_flash.o(.text)
    FLASH_GetPrefetchBufferStatus            0x08004f13   Thumb Code    20  stm32f10x_flash.o(.text)
    FLASH_ITConfig                           0x08004f27   Thumb Code    26  stm32f10x_flash.o(.text)
    FLASH_GetFlagStatus                      0x08004f41   Thumb Code    42  stm32f10x_flash.o(.text)
    FLASH_ClearFlag                          0x08004f6b   Thumb Code     6  stm32f10x_flash.o(.text)
    GPIO_DeInit                              0x08004f85   Thumb Code   188  stm32f10x_gpio.o(.text)
    GPIO_AFIODeInit                          0x08005041   Thumb Code    20  stm32f10x_gpio.o(.text)
    GPIO_Init                                0x08005055   Thumb Code   272  stm32f10x_gpio.o(.text)
    GPIO_StructInit                          0x08005165   Thumb Code    16  stm32f10x_gpio.o(.text)
    GPIO_ReadInputDataBit                    0x08005175   Thumb Code    18  stm32f10x_gpio.o(.text)
    GPIO_ReadInputData                       0x08005187   Thumb Code     8  stm32f10x_gpio.o(.text)
    GPIO_ReadOutputDataBit                   0x0800518f   Thumb Code    18  stm32f10x_gpio.o(.text)
    GPIO_ReadOutputData                      0x080051a1   Thumb Code     8  stm32f10x_gpio.o(.text)
    GPIO_SetBits                             0x080051a9   Thumb Code     4  stm32f10x_gpio.o(.text)
    GPIO_ResetBits                           0x080051ad   Thumb Code     4  stm32f10x_gpio.o(.text)
    GPIO_WriteBit                            0x080051b1   Thumb Code    10  stm32f10x_gpio.o(.text)
    GPIO_Write                               0x080051bb   Thumb Code     4  stm32f10x_gpio.o(.text)
    GPIO_PinLockConfig                       0x080051bf   Thumb Code    18  stm32f10x_gpio.o(.text)
    GPIO_EventOutputConfig                   0x080051d1   Thumb Code    26  stm32f10x_gpio.o(.text)
    GPIO_EventOutputCmd                      0x080051eb   Thumb Code     6  stm32f10x_gpio.o(.text)
    GPIO_PinRemapConfig                      0x080051f1   Thumb Code   106  stm32f10x_gpio.o(.text)
    GPIO_EXTILineConfig                      0x0800525b   Thumb Code    66  stm32f10x_gpio.o(.text)
    NMIException                             0x080052ad   Thumb Code     2  stm32f10x_it.o(.text)
    HardFaultException                       0x080052af   Thumb Code     4  stm32f10x_it.o(.text)
    MemManageException                       0x080052b3   Thumb Code     4  stm32f10x_it.o(.text)
    BusFaultException                        0x080052b7   Thumb Code     4  stm32f10x_it.o(.text)
    UsageFaultException                      0x080052bb   Thumb Code     4  stm32f10x_it.o(.text)
    DebugMonitor                             0x080052bf   Thumb Code     2  stm32f10x_it.o(.text)
    SVCHandler                               0x080052c1   Thumb Code     2  stm32f10x_it.o(.text)
    PendSVC                                  0x080052c3   Thumb Code     2  stm32f10x_it.o(.text)
    SysTickHandler                           0x080052c5   Thumb Code    34  stm32f10x_it.o(.text)
    WWDG_IRQHandler                          0x080052e7   Thumb Code     2  stm32f10x_it.o(.text)
    PVD_IRQHandler                           0x080052e9   Thumb Code     2  stm32f10x_it.o(.text)
    TAMPER_IRQHandler                        0x080052eb   Thumb Code     2  stm32f10x_it.o(.text)
    RTC_IRQHandler                           0x080052ed   Thumb Code     2  stm32f10x_it.o(.text)
    FLASH_IRQHandler                         0x080052ef   Thumb Code     2  stm32f10x_it.o(.text)
    RCC_IRQHandler                           0x080052f1   Thumb Code     2  stm32f10x_it.o(.text)
    EXTI0_IRQHandler                         0x080052f3   Thumb Code     2  stm32f10x_it.o(.text)
    EXTI1_IRQHandler                         0x080052f5   Thumb Code     2  stm32f10x_it.o(.text)
    EXTI2_IRQHandler                         0x080052f7   Thumb Code     2  stm32f10x_it.o(.text)
    EXTI3_IRQHandler                         0x080052f9   Thumb Code     2  stm32f10x_it.o(.text)
    EXTI4_IRQHandler                         0x080052fb   Thumb Code     2  stm32f10x_it.o(.text)
    DMA1_Channel1_IRQHandler                 0x080052fd   Thumb Code     2  stm32f10x_it.o(.text)
    DMA1_Channel2_IRQHandler                 0x080052ff   Thumb Code     2  stm32f10x_it.o(.text)
    DMA1_Channel3_IRQHandler                 0x08005301   Thumb Code     2  stm32f10x_it.o(.text)
    DMA1_Channel4_IRQHandler                 0x08005303   Thumb Code     2  stm32f10x_it.o(.text)
    DMA1_Channel5_IRQHandler                 0x08005305   Thumb Code     2  stm32f10x_it.o(.text)
    DMA1_Channel6_IRQHandler                 0x08005307   Thumb Code     2  stm32f10x_it.o(.text)
    DMA1_Channel7_IRQHandler                 0x08005309   Thumb Code     2  stm32f10x_it.o(.text)
    ADC1_2_IRQHandler                        0x0800530b   Thumb Code     2  stm32f10x_it.o(.text)
    USB_HP_CAN_TX_IRQHandler                 0x0800530d   Thumb Code     2  stm32f10x_it.o(.text)
    USB_LP_CAN_RX0_IRQHandler                0x0800530f   Thumb Code     2  stm32f10x_it.o(.text)
    CAN_RX1_IRQHandler                       0x08005311   Thumb Code     2  stm32f10x_it.o(.text)
    CAN_SCE_IRQHandler                       0x08005313   Thumb Code     2  stm32f10x_it.o(.text)
    EXTI9_5_IRQHandler                       0x08005315   Thumb Code     2  stm32f10x_it.o(.text)
    TIM1_BRK_IRQHandler                      0x08005317   Thumb Code     2  stm32f10x_it.o(.text)
    TIM1_UP_IRQHandler                       0x08005319   Thumb Code    12  stm32f10x_it.o(.text)
    TIM1_TRG_COM_IRQHandler                  0x08005325   Thumb Code     2  stm32f10x_it.o(.text)
    TIM1_CC_IRQHandler                       0x08005327   Thumb Code     2  stm32f10x_it.o(.text)
    TIM2_IRQHandler                          0x08005329   Thumb Code     2  stm32f10x_it.o(.text)
    TIM3_IRQHandler                          0x0800532b   Thumb Code     2  stm32f10x_it.o(.text)
    TIM4_IRQHandler                          0x0800532d   Thumb Code     2  stm32f10x_it.o(.text)
    I2C1_EV_IRQHandler                       0x0800532f   Thumb Code     2  stm32f10x_it.o(.text)
    I2C1_ER_IRQHandler                       0x08005331   Thumb Code     2  stm32f10x_it.o(.text)
    I2C2_EV_IRQHandler                       0x08005333   Thumb Code     2  stm32f10x_it.o(.text)
    I2C2_ER_IRQHandler                       0x08005335   Thumb Code     2  stm32f10x_it.o(.text)
    SPI1_IRQHandler                          0x08005337   Thumb Code     2  stm32f10x_it.o(.text)
    SPI2_IRQHandler                          0x08005339   Thumb Code     2  stm32f10x_it.o(.text)
    USART1_IRQHandler                        0x0800533b   Thumb Code     2  stm32f10x_it.o(.text)
    USART2_IRQHandler                        0x0800533d   Thumb Code     2  stm32f10x_it.o(.text)
    USART3_IRQHandler                        0x0800533f   Thumb Code     2  stm32f10x_it.o(.text)
    EXTI15_10_IRQHandler                     0x08005341   Thumb Code     2  stm32f10x_it.o(.text)
    RTCAlarm_IRQHandler                      0x08005343   Thumb Code     2  stm32f10x_it.o(.text)
    USBWakeUp_IRQHandler                     0x08005345   Thumb Code     2  stm32f10x_it.o(.text)
    TIM8_BRK_IRQHandler                      0x08005347   Thumb Code     2  stm32f10x_it.o(.text)
    TIM8_UP_IRQHandler                       0x08005349   Thumb Code     2  stm32f10x_it.o(.text)
    TIM8_TRG_COM_IRQHandler                  0x0800534b   Thumb Code     2  stm32f10x_it.o(.text)
    TIM8_CC_IRQHandler                       0x0800534d   Thumb Code     2  stm32f10x_it.o(.text)
    ADC3_IRQHandler                          0x0800534f   Thumb Code     2  stm32f10x_it.o(.text)
    FSMC_IRQHandler                          0x08005351   Thumb Code     2  stm32f10x_it.o(.text)
    SDIO_IRQHandler                          0x08005353   Thumb Code     2  stm32f10x_it.o(.text)
    TIM5_IRQHandler                          0x08005355   Thumb Code     2  stm32f10x_it.o(.text)
    SPI3_IRQHandler                          0x08005357   Thumb Code     2  stm32f10x_it.o(.text)
    UART4_IRQHandler                         0x08005359   Thumb Code     2  stm32f10x_it.o(.text)
    UART5_IRQHandler                         0x0800535b   Thumb Code     2  stm32f10x_it.o(.text)
    TIM6_IRQHandler                          0x0800535d   Thumb Code     2  stm32f10x_it.o(.text)
    TIM7_IRQHandler                          0x0800535f   Thumb Code     2  stm32f10x_it.o(.text)
    DMA2_Channel1_IRQHandler                 0x08005361   Thumb Code     2  stm32f10x_it.o(.text)
    DMA2_Channel2_IRQHandler                 0x08005363   Thumb Code     2  stm32f10x_it.o(.text)
    DMA2_Channel3_IRQHandler                 0x08005365   Thumb Code     2  stm32f10x_it.o(.text)
    DMA2_Channel4_5_IRQHandler               0x08005367   Thumb Code     2  stm32f10x_it.o(.text)
    NVIC_DeInit                              0x08005371   Thumb Code    58  stm32f10x_nvic.o(.text)
    NVIC_SCBDeInit                           0x080053ab   Thumb Code    92  stm32f10x_nvic.o(.text)
    NVIC_PriorityGroupConfig                 0x08005407   Thumb Code    10  stm32f10x_nvic.o(.text)
    NVIC_Init                                0x08005411   Thumb Code   192  stm32f10x_nvic.o(.text)
    NVIC_StructInit                          0x080054d1   Thumb Code    12  stm32f10x_nvic.o(.text)
    NVIC_SETPRIMASK                          0x080054dd   Thumb Code     8  stm32f10x_nvic.o(.text)
    NVIC_RESETPRIMASK                        0x080054e5   Thumb Code     8  stm32f10x_nvic.o(.text)
    NVIC_SETFAULTMASK                        0x080054ed   Thumb Code     8  stm32f10x_nvic.o(.text)
    NVIC_RESETFAULTMASK                      0x080054f5   Thumb Code     8  stm32f10x_nvic.o(.text)
    NVIC_BASEPRICONFIG                       0x080054fd   Thumb Code    12  stm32f10x_nvic.o(.text)
    NVIC_GetBASEPRI                          0x08005509   Thumb Code     8  stm32f10x_nvic.o(.text)
    NVIC_GetCurrentPendingIRQChannel         0x08005511   Thumb Code    10  stm32f10x_nvic.o(.text)
    NVIC_GetIRQChannelPendingBitStatus       0x0800551b   Thumb Code    42  stm32f10x_nvic.o(.text)
    NVIC_SetIRQChannelPendingBit             0x08005545   Thumb Code     6  stm32f10x_nvic.o(.text)
    NVIC_ClearIRQChannelPendingBit           0x0800554b   Thumb Code    20  stm32f10x_nvic.o(.text)
    NVIC_GetCurrentActiveHandler             0x0800555f   Thumb Code    10  stm32f10x_nvic.o(.text)
    NVIC_GetIRQChannelActiveBitStatus        0x08005569   Thumb Code    42  stm32f10x_nvic.o(.text)
    NVIC_GetCPUID                            0x08005593   Thumb Code     6  stm32f10x_nvic.o(.text)
    NVIC_SetVectorTable                      0x08005599   Thumb Code    12  stm32f10x_nvic.o(.text)
    NVIC_GenerateSystemReset                 0x080055a5   Thumb Code    10  stm32f10x_nvic.o(.text)
    NVIC_GenerateCoreReset                   0x080055af   Thumb Code    10  stm32f10x_nvic.o(.text)
    NVIC_SystemLPConfig                      0x080055b9   Thumb Code    38  stm32f10x_nvic.o(.text)
    NVIC_SystemHandlerConfig                 0x080055df   Thumb Code    52  stm32f10x_nvic.o(.text)
    NVIC_SystemHandlerPriorityConfig         0x08005613   Thumb Code   122  stm32f10x_nvic.o(.text)
    NVIC_GetSystemHandlerPendingBitStatus    0x0800568d   Thumb Code    42  stm32f10x_nvic.o(.text)
    NVIC_SetSystemHandlerPendingBit          0x080056b7   Thumb Code    32  stm32f10x_nvic.o(.text)
    NVIC_ClearSystemHandlerPendingBit        0x080056d7   Thumb Code    38  stm32f10x_nvic.o(.text)
    NVIC_GetSystemHandlerActiveBitStatus     0x080056fd   Thumb Code    40  stm32f10x_nvic.o(.text)
    NVIC_GetFaultHandlerSources              0x08005725   Thumb Code   126  stm32f10x_nvic.o(.text)
    NVIC_GetFaultAddress                     0x080057a3   Thumb Code    24  stm32f10x_nvic.o(.text)
    RCC_DeInit                               0x080057c9   Thumb Code    62  stm32f10x_rcc.o(.text)
    RCC_HSEConfig                            0x08005807   Thumb Code    70  stm32f10x_rcc.o(.text)
    RCC_GetFlagStatus                        0x0800584d   Thumb Code    56  stm32f10x_rcc.o(.text)
    RCC_WaitForHSEStartUp                    0x08005885   Thumb Code    62  stm32f10x_rcc.o(.text)
    RCC_AdjustHSICalibrationValue            0x080058c3   Thumb Code    20  stm32f10x_rcc.o(.text)
    RCC_HSICmd                               0x080058d7   Thumb Code     6  stm32f10x_rcc.o(.text)
    RCC_PLLConfig                            0x080058dd   Thumb Code    24  stm32f10x_rcc.o(.text)
    RCC_PLLCmd                               0x080058f5   Thumb Code     6  stm32f10x_rcc.o(.text)
    RCC_SYSCLKConfig                         0x080058fb   Thumb Code    18  stm32f10x_rcc.o(.text)
    RCC_GetSYSCLKSource                      0x0800590d   Thumb Code    10  stm32f10x_rcc.o(.text)
    RCC_HCLKConfig                           0x08005917   Thumb Code    18  stm32f10x_rcc.o(.text)
    RCC_PCLK1Config                          0x08005929   Thumb Code    18  stm32f10x_rcc.o(.text)
    RCC_PCLK2Config                          0x0800593b   Thumb Code    20  stm32f10x_rcc.o(.text)
    RCC_ITConfig                             0x0800594f   Thumb Code    30  stm32f10x_rcc.o(.text)
    RCC_USBCLKConfig                         0x0800596d   Thumb Code     6  stm32f10x_rcc.o(.text)
    RCC_ADCCLKConfig                         0x08005973   Thumb Code    18  stm32f10x_rcc.o(.text)
    RCC_LSEConfig                            0x08005985   Thumb Code    44  stm32f10x_rcc.o(.text)
    RCC_LSICmd                               0x080059b1   Thumb Code     6  stm32f10x_rcc.o(.text)
    RCC_RTCCLKConfig                         0x080059b7   Thumb Code    12  stm32f10x_rcc.o(.text)
    RCC_RTCCLKCmd                            0x080059c3   Thumb Code     6  stm32f10x_rcc.o(.text)
    RCC_GetClocksFreq                        0x080059c9   Thumb Code   192  stm32f10x_rcc.o(.text)
    RCC_AHBPeriphClockCmd                    0x08005a89   Thumb Code    26  stm32f10x_rcc.o(.text)
    RCC_APB2PeriphClockCmd                   0x08005aa3   Thumb Code    26  stm32f10x_rcc.o(.text)
    RCC_APB1PeriphClockCmd                   0x08005abd   Thumb Code    26  stm32f10x_rcc.o(.text)
    RCC_APB2PeriphResetCmd                   0x08005ad7   Thumb Code    26  stm32f10x_rcc.o(.text)
    RCC_APB1PeriphResetCmd                   0x08005af1   Thumb Code    26  stm32f10x_rcc.o(.text)
    RCC_BackupResetCmd                       0x08005b0b   Thumb Code     6  stm32f10x_rcc.o(.text)
    RCC_ClockSecuritySystemCmd               0x08005b11   Thumb Code     6  stm32f10x_rcc.o(.text)
    RCC_MCOConfig                            0x08005b17   Thumb Code     6  stm32f10x_rcc.o(.text)
    RCC_ClearFlag                            0x08005b1d   Thumb Code    14  stm32f10x_rcc.o(.text)
    RCC_GetITStatus                          0x08005b2b   Thumb Code    20  stm32f10x_rcc.o(.text)
    RCC_ClearITPendingBit                    0x08005b3f   Thumb Code     6  stm32f10x_rcc.o(.text)
    SysTick_CLKSourceConfig                  0x08005b81   Thumb Code    40  stm32f10x_systick.o(.text)
    SysTick_SetReload                        0x08005ba9   Thumb Code     8  stm32f10x_systick.o(.text)
    SysTick_CounterCmd                       0x08005bb1   Thumb Code    54  stm32f10x_systick.o(.text)
    SysTick_ITConfig                         0x08005be7   Thumb Code    38  stm32f10x_systick.o(.text)
    SysTick_GetCounter                       0x08005c0d   Thumb Code     8  stm32f10x_systick.o(.text)
    SysTick_GetFlagStatus                    0x08005c15   Thumb Code    46  stm32f10x_systick.o(.text)
    TIM_DeInit                               0x08005c45   Thumb Code   214  stm32f10x_tim.o(.text)
    TIM_TimeBaseInit                         0x08005d1b   Thumb Code    50  stm32f10x_tim.o(.text)
    TIM_OC1Init                              0x08005d4d   Thumb Code   110  stm32f10x_tim.o(.text)
    TIM_OC2Init                              0x08005dbb   Thumb Code   140  stm32f10x_tim.o(.text)
    TIM_OC3Init                              0x08005e47   Thumb Code   136  stm32f10x_tim.o(.text)
    TIM_OC4Init                              0x08005ecf   Thumb Code    98  stm32f10x_tim.o(.text)
    TIM_SetIC4Prescaler                      0x08005f31   Thumb Code    22  stm32f10x_tim.o(.text)
    TIM_SetIC3Prescaler                      0x08005f8d   Thumb Code    18  stm32f10x_tim.o(.text)
    TIM_SetIC2Prescaler                      0x08005fdf   Thumb Code    22  stm32f10x_tim.o(.text)
    TIM_SetIC1Prescaler                      0x08006049   Thumb Code    18  stm32f10x_tim.o(.text)
    TIM_ICInit                               0x08006091   Thumb Code   110  stm32f10x_tim.o(.text)
    TIM_PWMIConfig                           0x080060ff   Thumb Code   124  stm32f10x_tim.o(.text)
    TIM_BDTRConfig                           0x0800617b   Thumb Code    32  stm32f10x_tim.o(.text)
    TIM_TimeBaseStructInit                   0x0800619b   Thumb Code    18  stm32f10x_tim.o(.text)
    TIM_OCStructInit                         0x080061ad   Thumb Code    20  stm32f10x_tim.o(.text)
    TIM_ICStructInit                         0x080061c1   Thumb Code    18  stm32f10x_tim.o(.text)
    TIM_BDTRStructInit                       0x080061d3   Thumb Code    18  stm32f10x_tim.o(.text)
    TIM_Cmd                                  0x080061e5   Thumb Code    24  stm32f10x_tim.o(.text)
    TIM_CtrlPWMOutputs                       0x080061fd   Thumb Code    30  stm32f10x_tim.o(.text)
    TIM_ITConfig                             0x0800621b   Thumb Code    24  stm32f10x_tim.o(.text)
    TIM_GenerateEvent                        0x08006233   Thumb Code     4  stm32f10x_tim.o(.text)
    TIM_DMAConfig                            0x08006237   Thumb Code    10  stm32f10x_tim.o(.text)
    TIM_DMACmd                               0x08006241   Thumb Code    24  stm32f10x_tim.o(.text)
    TIM_InternalClockConfig                  0x08006259   Thumb Code    12  stm32f10x_tim.o(.text)
    TIM_SelectInputTrigger                   0x08006265   Thumb Code    18  stm32f10x_tim.o(.text)
    TIM_ITRxExternalClockConfig              0x08006277   Thumb Code    24  stm32f10x_tim.o(.text)
    TIM_TIxExternalClockConfig               0x0800628f   Thumb Code    62  stm32f10x_tim.o(.text)
    TIM_ETRConfig                            0x080062cd   Thumb Code    26  stm32f10x_tim.o(.text)
    TIM_ETRClockMode1Config                  0x080062e7   Thumb Code    54  stm32f10x_tim.o(.text)
    TIM_ETRClockMode2Config                  0x0800631d   Thumb Code    32  stm32f10x_tim.o(.text)
    TIM_PrescalerConfig                      0x0800633d   Thumb Code     6  stm32f10x_tim.o(.text)
    TIM_CounterModeConfig                    0x08006343   Thumb Code    18  stm32f10x_tim.o(.text)
    TIM_EncoderInterfaceConfig               0x08006355   Thumb Code    62  stm32f10x_tim.o(.text)
    TIM_ForcedOC1Config                      0x08006393   Thumb Code    18  stm32f10x_tim.o(.text)
    TIM_ForcedOC2Config                      0x080063a5   Thumb Code    22  stm32f10x_tim.o(.text)
    TIM_ForcedOC3Config                      0x080063bb   Thumb Code    18  stm32f10x_tim.o(.text)
    TIM_ForcedOC4Config                      0x080063cd   Thumb Code    22  stm32f10x_tim.o(.text)
    TIM_ARRPreloadConfig                     0x080063e3   Thumb Code    24  stm32f10x_tim.o(.text)
    TIM_SelectCOM                            0x080063fb   Thumb Code    24  stm32f10x_tim.o(.text)
    TIM_SelectCCDMA                          0x08006413   Thumb Code    24  stm32f10x_tim.o(.text)
    TIM_CCPreloadControl                     0x0800642b   Thumb Code    24  stm32f10x_tim.o(.text)
    TIM_OC1PreloadConfig                     0x08006443   Thumb Code    18  stm32f10x_tim.o(.text)
    TIM_OC2PreloadConfig                     0x08006455   Thumb Code    22  stm32f10x_tim.o(.text)
    TIM_OC3PreloadConfig                     0x0800646b   Thumb Code    18  stm32f10x_tim.o(.text)
    TIM_OC4PreloadConfig                     0x0800647d   Thumb Code    22  stm32f10x_tim.o(.text)
    TIM_OC1FastConfig                        0x08006493   Thumb Code    18  stm32f10x_tim.o(.text)
    TIM_OC2FastConfig                        0x080064a5   Thumb Code    22  stm32f10x_tim.o(.text)
    TIM_OC3FastConfig                        0x080064bb   Thumb Code    18  stm32f10x_tim.o(.text)
    TIM_OC4FastConfig                        0x080064cd   Thumb Code    22  stm32f10x_tim.o(.text)
    TIM_ClearOC1Ref                          0x080064e3   Thumb Code    18  stm32f10x_tim.o(.text)
    TIM_ClearOC2Ref                          0x080064f5   Thumb Code    20  stm32f10x_tim.o(.text)
    TIM_ClearOC3Ref                          0x08006509   Thumb Code    18  stm32f10x_tim.o(.text)
    TIM_ClearOC4Ref                          0x0800651b   Thumb Code    20  stm32f10x_tim.o(.text)
    TIM_OC1PolarityConfig                    0x0800652f   Thumb Code    18  stm32f10x_tim.o(.text)
    TIM_OC1NPolarityConfig                   0x08006541   Thumb Code    18  stm32f10x_tim.o(.text)
    TIM_OC2PolarityConfig                    0x08006553   Thumb Code    22  stm32f10x_tim.o(.text)
    TIM_OC2NPolarityConfig                   0x08006569   Thumb Code    22  stm32f10x_tim.o(.text)
    TIM_OC3PolarityConfig                    0x0800657f   Thumb Code    22  stm32f10x_tim.o(.text)
    TIM_OC3NPolarityConfig                   0x08006595   Thumb Code    22  stm32f10x_tim.o(.text)
    TIM_OC4PolarityConfig                    0x080065ab   Thumb Code    22  stm32f10x_tim.o(.text)
    TIM_CCxCmd                               0x080065c1   Thumb Code    30  stm32f10x_tim.o(.text)
    TIM_CCxNCmd                              0x080065df   Thumb Code    30  stm32f10x_tim.o(.text)
    TIM_SelectOCxM                           0x080065fd   Thumb Code   114  stm32f10x_tim.o(.text)
    TIM_UpdateDisableConfig                  0x0800666f   Thumb Code    24  stm32f10x_tim.o(.text)
    TIM_UpdateRequestConfig                  0x08006687   Thumb Code    24  stm32f10x_tim.o(.text)
    TIM_SelectHallSensor                     0x0800669f   Thumb Code    24  stm32f10x_tim.o(.text)
    TIM_SelectOnePulseMode                   0x080066b7   Thumb Code    18  stm32f10x_tim.o(.text)
    TIM_SelectOutputTrigger                  0x080066c9   Thumb Code    18  stm32f10x_tim.o(.text)
    TIM_SelectSlaveMode                      0x080066db   Thumb Code    18  stm32f10x_tim.o(.text)
    TIM_SelectMasterSlaveMode                0x080066ed   Thumb Code    18  stm32f10x_tim.o(.text)
    TIM_SetCounter                           0x080066ff   Thumb Code     4  stm32f10x_tim.o(.text)
    TIM_SetAutoreload                        0x08006703   Thumb Code     4  stm32f10x_tim.o(.text)
    TIM_SetCompare1                          0x08006707   Thumb Code     4  stm32f10x_tim.o(.text)
    TIM_SetCompare2                          0x0800670b   Thumb Code     4  stm32f10x_tim.o(.text)
    TIM_SetCompare3                          0x0800670f   Thumb Code     4  stm32f10x_tim.o(.text)
    TIM_SetCompare4                          0x08006713   Thumb Code     6  stm32f10x_tim.o(.text)
    TIM_SetClockDivision                     0x08006719   Thumb Code    14  stm32f10x_tim.o(.text)
    TIM_GetCapture1                          0x08006727   Thumb Code     6  stm32f10x_tim.o(.text)
    TIM_GetCapture2                          0x0800672d   Thumb Code     6  stm32f10x_tim.o(.text)
    TIM_GetCapture3                          0x08006733   Thumb Code     6  stm32f10x_tim.o(.text)
    TIM_GetCapture4                          0x08006739   Thumb Code     8  stm32f10x_tim.o(.text)
    TIM_GetCounter                           0x08006741   Thumb Code     6  stm32f10x_tim.o(.text)
    TIM_GetPrescaler                         0x08006747   Thumb Code     6  stm32f10x_tim.o(.text)
    TIM_GetFlagStatus                        0x0800674d   Thumb Code    18  stm32f10x_tim.o(.text)
    TIM_ClearFlag                            0x0800675f   Thumb Code     6  stm32f10x_tim.o(.text)
    TIM_GetITStatus                          0x08006765   Thumb Code    34  stm32f10x_tim.o(.text)
    TIM_ClearITPendingBit                    0x08006787   Thumb Code     6  stm32f10x_tim.o(.text)
    USART_DeInit                             0x0800678d   Thumb Code   146  stm32f10x_usart.o(.text)
    USART_Init                               0x0800681f   Thumb Code   150  stm32f10x_usart.o(.text)
    USART_StructInit                         0x080068b5   Thumb Code    24  stm32f10x_usart.o(.text)
    USART_ClockInit                          0x080068cd   Thumb Code    34  stm32f10x_usart.o(.text)
    USART_ClockStructInit                    0x080068ef   Thumb Code    12  stm32f10x_usart.o(.text)
    USART_Cmd                                0x080068fb   Thumb Code    24  stm32f10x_usart.o(.text)
    USART_ITConfig                           0x08006913   Thumb Code    64  stm32f10x_usart.o(.text)
    USART_DMACmd                             0x08006953   Thumb Code    24  stm32f10x_usart.o(.text)
    USART_SetAddress                         0x0800696b   Thumb Code    18  stm32f10x_usart.o(.text)
    USART_WakeUpConfig                       0x0800697d   Thumb Code    18  stm32f10x_usart.o(.text)
    USART_ReceiverWakeUpCmd                  0x0800698f   Thumb Code    24  stm32f10x_usart.o(.text)
    USART_LINBreakDetectLengthConfig         0x080069a7   Thumb Code    18  stm32f10x_usart.o(.text)
    USART_LINCmd                             0x080069b9   Thumb Code    24  stm32f10x_usart.o(.text)
    USART_SendData                           0x080069d1   Thumb Code     8  stm32f10x_usart.o(.text)
    USART_ReceiveData                        0x080069d9   Thumb Code    10  stm32f10x_usart.o(.text)
    USART_SendBreak                          0x080069e3   Thumb Code    10  stm32f10x_usart.o(.text)
    USART_SetGuardTime                       0x080069ed   Thumb Code    16  stm32f10x_usart.o(.text)
    USART_SetPrescaler                       0x080069fd   Thumb Code    16  stm32f10x_usart.o(.text)
    USART_SmartCardCmd                       0x08006a0d   Thumb Code    24  stm32f10x_usart.o(.text)
    USART_SmartCardNACKCmd                   0x08006a25   Thumb Code    24  stm32f10x_usart.o(.text)
    USART_HalfDuplexCmd                      0x08006a3d   Thumb Code    24  stm32f10x_usart.o(.text)
    USART_IrDAConfig                         0x08006a55   Thumb Code    18  stm32f10x_usart.o(.text)
    USART_IrDACmd                            0x08006a67   Thumb Code    24  stm32f10x_usart.o(.text)
    USART_GetFlagStatus                      0x08006a7f   Thumb Code    18  stm32f10x_usart.o(.text)
    USART_ClearFlag                          0x08006a91   Thumb Code     6  stm32f10x_usart.o(.text)
    USART_GetITStatus                        0x08006a97   Thumb Code    76  stm32f10x_usart.o(.text)
    USART_ClearITPendingBit                  0x08006ae3   Thumb Code    20  stm32f10x_usart.o(.text)
    WWDG_DeInit                              0x08006b05   Thumb Code    22  stm32f10x_wwdg.o(.text)
    WWDG_SetPrescaler                        0x08006b1b   Thumb Code    22  stm32f10x_wwdg.o(.text)
    WWDG_SetWindowValue                      0x08006b31   Thumb Code    26  stm32f10x_wwdg.o(.text)
    WWDG_EnableIT                            0x08006b4b   Thumb Code     8  stm32f10x_wwdg.o(.text)
    WWDG_SetCounter                          0x08006b53   Thumb Code    10  stm32f10x_wwdg.o(.text)
    WWDG_Enable                              0x08006b5d   Thumb Code    10  stm32f10x_wwdg.o(.text)
    WWDG_GetFlagStatus                       0x08006b67   Thumb Code     8  stm32f10x_wwdg.o(.text)
    WWDG_ClearFlag                           0x08006b6f   Thumb Code     8  stm32f10x_wwdg.o(.text)
    __2sprintf                               0x08006b91   Thumb Code    34  noretval__2sprintf.o(.text)
    _printf_pre_padding                      0x08006bb9   Thumb Code    44  _printf_pad.o(.text)
    _printf_post_padding                     0x08006be5   Thumb Code    36  _printf_pad.o(.text)
    _printf_int_dec                          0x08006c09   Thumb Code    98  _printf_dec.o(.text)
    __printf                                 0x08006c7d   Thumb Code   320  __printf_flags_wp.o(.text)
    __aeabi_memclr                           0x08006dc1   Thumb Code     0  rt_memclr.o(.text)
    __rt_memclr                              0x08006dc1   Thumb Code    68  rt_memclr.o(.text)
    _memset                                  0x08006dc5   Thumb Code     0  rt_memclr.o(.text)
    __use_two_region_memory                  0x08006e05   Thumb Code     2  heapauxi.o(.text)
    __rt_heap_escrow$2region                 0x08006e07   Thumb Code     2  heapauxi.o(.text)
    __rt_heap_expand$2region                 0x08006e09   Thumb Code     2  heapauxi.o(.text)
    _printf_int_common                       0x08006e0b   Thumb Code   180  _printf_intcommon.o(.text)
    _printf_char_common                      0x08006ecb   Thumb Code    32  _printf_char_common.o(.text)
    _sputc                                   0x08006ef1   Thumb Code    10  _sputc.o(.text)
    __aeabi_memclr4                          0x08006efb   Thumb Code     0  rt_memclr_w.o(.text)
    __aeabi_memclr8                          0x08006efb   Thumb Code     0  rt_memclr_w.o(.text)
    __rt_memclr_w                            0x08006efb   Thumb Code    78  rt_memclr_w.o(.text)
    _memset_w                                0x08006eff   Thumb Code     0  rt_memclr_w.o(.text)
    __rt_udiv10                              0x08006f49   Thumb Code    16  rtudiv10.o(.text)
    __user_setup_stackheap                   0x08006f59   Thumb Code    74  sys_stackheap_outer.o(.text)
    exit                                     0x08006fa3   Thumb Code    12  exit.o(.text)
    __user_libspace                          0x08006fb1   Thumb Code     8  libspace.o(.text)
    __user_perproc_libspace                  0x08006fb1   Thumb Code     0  libspace.o(.text)
    __user_perthread_libspace                0x08006fb1   Thumb Code     0  libspace.o(.text)
    __rt_fp_status_addr                      0x08006fb9   Thumb Code    12  rt_fp_status_addr_intlibspace.o(.text)
    _sys_exit                                0x08006fc5   Thumb Code     8  sys_exit.o(.text)
    __I$use$semihosting                      0x08006fd1   Thumb Code     0  use_no_semi.o(.text)
    __use_no_semihosting_swi                 0x08006fd1   Thumb Code     2  use_no_semi.o(.text)
    _fp_init                                 0x08006fd3   Thumb Code    14  fpinit.o(x$fpl$fpinit)
    __fplib_config_pureend_doubles           0x08006fdf   Thumb Code     0  fpinit.o(x$fpl$fpinit)
    OSDebugEn                                0x08006fe8   Data           2  os_dbg.o(.constdata)
    OSEndiannessTest                         0x08006fec   Data           4  os_dbg.o(.constdata)
    OSEventMax                               0x08006ff0   Data           2  os_dbg.o(.constdata)
    OSEventNameSize                          0x08006ff2   Data           2  os_dbg.o(.constdata)
    OSEventEn                                0x08006ff4   Data           2  os_dbg.o(.constdata)
    OSEventSize                              0x08006ff6   Data           2  os_dbg.o(.constdata)
    OSEventTblSize                           0x08006ff8   Data           2  os_dbg.o(.constdata)
    OSFlagEn                                 0x08006ffa   Data           2  os_dbg.o(.constdata)
    OSFlagGrpSize                            0x08006ffc   Data           2  os_dbg.o(.constdata)
    OSFlagNodeSize                           0x08006ffe   Data           2  os_dbg.o(.constdata)
    OSFlagWidth                              0x08007000   Data           2  os_dbg.o(.constdata)
    OSFlagMax                                0x08007002   Data           2  os_dbg.o(.constdata)
    OSFlagNameSize                           0x08007004   Data           2  os_dbg.o(.constdata)
    OSLowestPrio                             0x08007006   Data           2  os_dbg.o(.constdata)
    OSMboxEn                                 0x08007008   Data           2  os_dbg.o(.constdata)
    OSMemEn                                  0x0800700a   Data           2  os_dbg.o(.constdata)
    OSMemMax                                 0x0800700c   Data           2  os_dbg.o(.constdata)
    OSMemNameSize                            0x0800700e   Data           2  os_dbg.o(.constdata)
    OSMemSize                                0x08007010   Data           2  os_dbg.o(.constdata)
    OSMemTblSize                             0x08007012   Data           2  os_dbg.o(.constdata)
    OSMutexEn                                0x08007014   Data           2  os_dbg.o(.constdata)
    OSPtrSize                                0x08007016   Data           2  os_dbg.o(.constdata)
    OSQEn                                    0x08007018   Data           2  os_dbg.o(.constdata)
    OSQMax                                   0x0800701a   Data           2  os_dbg.o(.constdata)
    OSQSize                                  0x0800701c   Data           2  os_dbg.o(.constdata)
    OSRdyTblSize                             0x0800701e   Data           2  os_dbg.o(.constdata)
    OSSemEn                                  0x08007020   Data           2  os_dbg.o(.constdata)
    OSStkWidth                               0x08007022   Data           2  os_dbg.o(.constdata)
    OSTaskCreateEn                           0x08007024   Data           2  os_dbg.o(.constdata)
    OSTaskCreateExtEn                        0x08007026   Data           2  os_dbg.o(.constdata)
    OSTaskDelEn                              0x08007028   Data           2  os_dbg.o(.constdata)
    OSTaskIdleStkSize                        0x0800702a   Data           2  os_dbg.o(.constdata)
    OSTaskProfileEn                          0x0800702c   Data           2  os_dbg.o(.constdata)
    OSTaskMax                                0x0800702e   Data           2  os_dbg.o(.constdata)
    OSTaskNameSize                           0x08007030   Data           2  os_dbg.o(.constdata)
    OSTaskStatEn                             0x08007032   Data           2  os_dbg.o(.constdata)
    OSTaskStatStkSize                        0x08007034   Data           2  os_dbg.o(.constdata)
    OSTaskStatStkChkEn                       0x08007036   Data           2  os_dbg.o(.constdata)
    OSTaskSwHookEn                           0x08007038   Data           2  os_dbg.o(.constdata)
    OSTCBPrioTblMax                          0x0800703a   Data           2  os_dbg.o(.constdata)
    OSTCBSize                                0x0800703c   Data           2  os_dbg.o(.constdata)
    OSTicksPerSec                            0x0800703e   Data           2  os_dbg.o(.constdata)
    OSTimeTickHookEn                         0x08007040   Data           2  os_dbg.o(.constdata)
    OSVersionNbr                             0x08007042   Data           2  os_dbg.o(.constdata)
    OSDataSize                               0x08007044   Data           2  os_dbg.o(.constdata)
    OSUnMapTbl                               0x08007046   Data         256  os_core.o(.constdata)
    Region$$Table$$Base                      0x0800716c   Number         0  anon$$obj.o(Region$$Table)
    Region$$Table$$Limit                     0x0800718c   Number         0  anon$$obj.o(Region$$Table)
    mutex                                    0x20000000   Data           4  main.o(.data)
    key_Sem                                  0x20000004   Data           4  main.o(.data)
    m                                        0x20000008   Data           1  main.o(.data)
    OSCtxSwCtr                               0x2000000c   Data           4  os_core.o(.data)
    OSEventFreeList                          0x20000010   Data           4  os_core.o(.data)
    OSFlagFreeList                           0x20000014   Data           4  os_core.o(.data)
    OSCPUUsage                               0x20000018   Data           1  os_core.o(.data)
    OSIdleCtrMax                             0x2000001c   Data           4  os_core.o(.data)
    OSIdleCtrRun                             0x20000020   Data           4  os_core.o(.data)
    OSStatRdy                                0x20000024   Data           1  os_core.o(.data)
    OSIntNesting                             0x20000025   Data           1  os_core.o(.data)
    OSLockNesting                            0x20000026   Data           1  os_core.o(.data)
    OSPrioCur                                0x20000027   Data           1  os_core.o(.data)
    OSPrioHighRdy                            0x20000028   Data           1  os_core.o(.data)
    OSRdyGrp                                 0x20000029   Data           1  os_core.o(.data)
    OSRdyTbl                                 0x2000002a   Data           8  os_core.o(.data)
    OSRunning                                0x20000032   Data           1  os_core.o(.data)
    OSTaskCtr                                0x20000033   Data           1  os_core.o(.data)
    OSIdleCtr                                0x20000034   Data           4  os_core.o(.data)
    OSTCBCur                                 0x20000038   Data           4  os_core.o(.data)
    OSTCBFreeList                            0x2000003c   Data           4  os_core.o(.data)
    OSTCBHighRdy                             0x20000040   Data           4  os_core.o(.data)
    OSTCBList                                0x20000044   Data           4  os_core.o(.data)
    OSTickStepState                          0x20000048   Data           1  os_core.o(.data)
    OSMemFreeList                            0x2000004c   Data           4  os_core.o(.data)
    OSQFreeList                              0x20000050   Data           4  os_core.o(.data)
    OSTime                                   0x20000054   Data           4  os_core.o(.data)
    OSTmrFree                                0x20000058   Data           2  os_core.o(.data)
    OSTmrUsed                                0x2000005a   Data           2  os_core.o(.data)
    OSTmrTime                                0x2000005c   Data           4  os_core.o(.data)
    OSTmrSem                                 0x20000060   Data           4  os_core.o(.data)
    OSTmrSemSignal                           0x20000064   Data           4  os_core.o(.data)
    OSTmrFreeList                            0x20000068   Data           4  os_core.o(.data)
    timebuf                                  0x20000074   Data          16  main.o(.bss)
    databuf                                  0x20000084   Data          16  main.o(.bss)
    dispbuf                                  0x20000094   Data          16  main.o(.bss)
    OSEventTbl                               0x200003e4   Data         720  os_core.o(.bss)
    OSFlagTbl                                0x200006b4   Data         140  os_core.o(.bss)
    OSTaskStatStk                            0x20000740   Data         512  os_core.o(.bss)
    OSTaskIdleStk                            0x20000940   Data         512  os_core.o(.bss)
    OSTCBPrioTbl                             0x20000b40   Data         256  os_core.o(.bss)
    OSTCBTbl                                 0x20000c40   Data        2024  os_core.o(.bss)
    OSMemTbl                                 0x20001428   Data         180  os_core.o(.bss)
    OSQTbl                                   0x200014dc   Data          96  os_core.o(.bss)
    OSTmrTbl                                 0x2000153c   Data         832  os_core.o(.bss)
    OSTmrTaskStk                             0x2000187c   Data         512  os_core.o(.bss)
    OSTmrWheelTbl                            0x20001a7c   Data          64  os_core.o(.bss)
    __libspace_start                         0x20001abc   Data          96  libspace.o(.bss)
    __temporary_stack_top$libspace           0x20001b1c   Data           0  libspace.o(.bss)



==============================================================================

Memory Map of the image

  Image Entry point : 0x08000131

  Load Region LR_IROM1 (Base: 0x08000000, Size: 0x00007200, Max: 0x00040000, ABSOLUTE)

    Execution Region ER_IROM1 (Base: 0x08000000, Size: 0x0000718c, Max: 0x00040000, ABSOLUTE)

    Base Addr    Size         Type   Attr      Idx    E Section Name        Object

    0x08000000   0x00000130   Data   RO          142    RESET               stm32f10x_vector.o
    0x08000130   0x00000008   Code   RO          708  * !!!main             c_w.l(__main.o)(c_w.l)
    0x08000138   0x00000034   Code   RO          883    !!!scatter          c_w.l(__scatter.o)(c_w.l)
    0x0800016c   0x0000001a   Code   RO          885    !!handler_copy      c_w.l(__scatter_copy.o)(c_w.l)
    0x08000186   0x00000002   PAD
    0x08000188   0x0000001c   Code   RO          887    !!handler_zi        c_w.l(__scatter_zi.o)(c_w.l)
    0x080001a4   0x00000000   Code   RO          703    .ARM.Collect$$_printf_percent$$00000000  c_w.l(_printf_percent.o)(c_w.l)
    0x080001a4   0x00000006   Code   RO          702    .ARM.Collect$$_printf_percent$$00000009  c_w.l(_printf_d.o)(c_w.l)
    0x080001aa   0x00000004   Code   RO          718    .ARM.Collect$$_printf_percent$$00000017  c_w.l(_printf_percent_end.o)(c_w.l)
    0x080001ae   0x00000006   Code   RO          753    .ARM.Collect$$libinit$$00000000  c_w.l(libinit.o)(c_w.l)
    0x080001b4   0x00000000   Code   RO          761    .ARM.Collect$$libinit$$00000006  c_w.l(libinit2.o)(c_w.l)
    0x080001b4   0x00000000   Code   RO          763    .ARM.Collect$$libinit$$00000008  c_w.l(libinit2.o)(c_w.l)
    0x080001b4   0x00000000   Code   RO          765    .ARM.Collect$$libinit$$0000000A  c_w.l(libinit2.o)(c_w.l)
    0x080001b4   0x00000000   Code   RO          768    .ARM.Collect$$libinit$$0000000D  c_w.l(libinit2.o)(c_w.l)
    0x080001b4   0x00000000   Code   RO          770    .ARM.Collect$$libinit$$0000000F  c_w.l(libinit2.o)(c_w.l)
    0x080001b4   0x00000000   Code   RO          772    .ARM.Collect$$libinit$$00000011  c_w.l(libinit2.o)(c_w.l)
    0x080001b4   0x00000000   Code   RO          774    .ARM.Collect$$libinit$$00000013  c_w.l(libinit2.o)(c_w.l)
    0x080001b4   0x00000000   Code   RO          776    .ARM.Collect$$libinit$$00000015  c_w.l(libinit2.o)(c_w.l)
    0x080001b4   0x00000000   Code   RO          778    .ARM.Collect$$libinit$$00000017  c_w.l(libinit2.o)(c_w.l)
    0x080001b4   0x00000000   Code   RO          780    .ARM.Collect$$libinit$$00000019  c_w.l(libinit2.o)(c_w.l)
    0x080001b4   0x00000000   Code   RO          782    .ARM.Collect$$libinit$$0000001B  c_w.l(libinit2.o)(c_w.l)
    0x080001b4   0x00000000   Code   RO          784    .ARM.Collect$$libinit$$0000001D  c_w.l(libinit2.o)(c_w.l)
    0x080001b4   0x00000000   Code   RO          786    .ARM.Collect$$libinit$$0000001F  c_w.l(libinit2.o)(c_w.l)
    0x080001b4   0x00000000   Code   RO          788    .ARM.Collect$$libinit$$00000021  c_w.l(libinit2.o)(c_w.l)
    0x080001b4   0x00000000   Code   RO          792    .ARM.Collect$$libinit$$00000028  c_w.l(libinit2.o)(c_w.l)
    0x080001b4   0x00000000   Code   RO          794    .ARM.Collect$$libinit$$0000002A  c_w.l(libinit2.o)(c_w.l)
    0x080001b4   0x00000000   Code   RO          796    .ARM.Collect$$libinit$$0000002C  c_w.l(libinit2.o)(c_w.l)
    0x080001b4   0x00000000   Code   RO          798    .ARM.Collect$$libinit$$0000002E  c_w.l(libinit2.o)(c_w.l)
    0x080001b4   0x00000002   Code   RO          799    .ARM.Collect$$libinit$$0000002F  c_w.l(libinit2.o)(c_w.l)
    0x080001b6   0x00000002   Code   RO          825    .ARM.Collect$$libshutdown$$00000000  c_w.l(libshutdown.o)(c_w.l)
    0x080001b8   0x00000000   Code   RO          838    .ARM.Collect$$libshutdown$$00000003  c_w.l(libshutdown2.o)(c_w.l)
    0x080001b8   0x00000000   Code   RO          841    .ARM.Collect$$libshutdown$$00000006  c_w.l(libshutdown2.o)(c_w.l)
    0x080001b8   0x00000000   Code   RO          844    .ARM.Collect$$libshutdown$$00000009  c_w.l(libshutdown2.o)(c_w.l)
    0x080001b8   0x00000000   Code   RO          846    .ARM.Collect$$libshutdown$$0000000B  c_w.l(libshutdown2.o)(c_w.l)
    0x080001b8   0x00000000   Code   RO          849    .ARM.Collect$$libshutdown$$0000000E  c_w.l(libshutdown2.o)(c_w.l)
    0x080001b8   0x00000002   Code   RO          850    .ARM.Collect$$libshutdown$$0000000F  c_w.l(libshutdown2.o)(c_w.l)
    0x080001ba   0x00000000   Code   RO          710    .ARM.Collect$$rtentry$$00000000  c_w.l(rtentry.o)(c_w.l)
    0x080001ba   0x00000000   Code   RO          724    .ARM.Collect$$rtentry$$00000002  c_w.l(rtentry2.o)(c_w.l)
    0x080001ba   0x00000006   Code   RO          739    .ARM.Collect$$rtentry$$00000004  c_w.l(rtentry4.o)(c_w.l)
    0x080001c0   0x00000000   Code   RO          726    .ARM.Collect$$rtentry$$00000009  c_w.l(rtentry2.o)(c_w.l)
    0x080001c0   0x00000004   Code   RO          727    .ARM.Collect$$rtentry$$0000000A  c_w.l(rtentry2.o)(c_w.l)
    0x080001c4   0x00000000   Code   RO          729    .ARM.Collect$$rtentry$$0000000C  c_w.l(rtentry2.o)(c_w.l)
    0x080001c4   0x00000008   Code   RO          730    .ARM.Collect$$rtentry$$0000000D  c_w.l(rtentry2.o)(c_w.l)
    0x080001cc   0x00000002   Code   RO          757    .ARM.Collect$$rtexit$$00000000  c_w.l(rtexit.o)(c_w.l)
    0x080001ce   0x00000000   Code   RO          803    .ARM.Collect$$rtexit$$00000002  c_w.l(rtexit2.o)(c_w.l)
    0x080001ce   0x00000004   Code   RO          804    .ARM.Collect$$rtexit$$00000003  c_w.l(rtexit2.o)(c_w.l)
    0x080001d2   0x00000006   Code   RO          805    .ARM.Collect$$rtexit$$00000004  c_w.l(rtexit2.o)(c_w.l)
    0x080001d8   0x00000330   Code   RO            1    .text               main.o
    0x08000508   0x0000007a   Code   RO          136    .text               cortexm3_macro.o
    0x08000582   0x00000002   PAD
    0x08000584   0x00000024   Code   RO          143    .text               stm32f10x_vector.o
    0x080005a8   0x00000218   Code   RO          147    .text               lcd1602.o
    0x080007c0   0x00000370   Code   RO          161    .text               ds1302.o
    0x08000b30   0x000001f4   Code   RO          173    .text               24c64.o
    0x08000d24   0x000002f8   Code   RO          185    .text               bsp.o
    0x0800101c   0x000000a4   Code   RO          202    .text               os_cpu_a.o
    0x080010c0   0x000000d4   Code   RO          205    .text               os_cpu_c.o
    0x08001194   0x00000114   Code   RO          226    .text               os_dbg.o
    0x080012a8   0x00000d28   Code   RO          241    .text               os_core.o
    0x08001fd0   0x00000844   Code   RO          261    .text               os_flag.o
    0x08002814   0x000001fc   Code   RO          285    .text               os_mem.o
    0x08002a10   0x00000630   Code   RO          297    .text               os_mutex.o
    0x08003040   0x000005fc   Code   RO          309    .text               os_q.o
    0x0800363c   0x000003c0   Code   RO          321    .text               os_sem.o
    0x080039fc   0x000007d0   Code   RO          333    .text               os_task.o
    0x080041cc   0x000001c8   Code   RO          345    .text               os_time.o
    0x08004394   0x000006bc   Code   RO          357    .text               os_tmr.o
    0x08004a50   0x00000534   Code   RO          465    .text               stm32f10x_flash.o
    0x08004f84   0x00000328   Code   RO          489    .text               stm32f10x_gpio.o
    0x080052ac   0x000000c4   Code   RO          513    .text               stm32f10x_it.o
    0x08005370   0x00000458   Code   RO          549    .text               stm32f10x_nvic.o
    0x080057c8   0x000003b8   Code   RO          573    .text               stm32f10x_rcc.o
    0x08005b80   0x000000c2   Code   RO          624    .text               stm32f10x_systick.o
    0x08005c42   0x00000002   PAD
    0x08005c44   0x00000b48   Code   RO          636    .text               stm32f10x_tim.o
    0x0800678c   0x00000378   Code   RO          648    .text               stm32f10x_usart.o
    0x08006b04   0x0000008c   Code   RO          660    .text               stm32f10x_wwdg.o
    0x08006b90   0x00000028   Code   RO          676    .text               c_w.l(noretval__2sprintf.o)(c_w.l)
    0x08006bb8   0x00000050   Code   RO          680    .text               c_w.l(_printf_pad.o)(c_w.l)
    0x08006c08   0x00000074   Code   RO          682    .text               c_w.l(_printf_dec.o)(c_w.l)
    0x08006c7c   0x00000144   Code   RO          694    .text               c_w.l(__printf_flags_wp.o)(c_w.l)
    0x08006dc0   0x00000044   Code   RO          704    .text               c_w.l(rt_memclr.o)(c_w.l)
    0x08006e04   0x00000006   Code   RO          706    .text               c_w.l(heapauxi.o)(c_w.l)
    0x08006e0a   0x000000b4   Code   RO          712    .text               c_w.l(_printf_intcommon.o)(c_w.l)
    0x08006ebe   0x00000002   PAD
    0x08006ec0   0x00000030   Code   RO          714    .text               c_w.l(_printf_char_common.o)(c_w.l)
    0x08006ef0   0x0000000a   Code   RO          716    .text               c_w.l(_sputc.o)(c_w.l)
    0x08006efa   0x0000004e   Code   RO          719    .text               c_w.l(rt_memclr_w.o)(c_w.l)
    0x08006f48   0x00000010   Code   RO          721    .text               c_w.l(rtudiv10.o)(c_w.l)
    0x08006f58   0x0000004a   Code   RO          743    .text               c_w.l(sys_stackheap_outer.o)(c_w.l)
    0x08006fa2   0x0000000c   Code   RO          745    .text               c_w.l(exit.o)(c_w.l)
    0x08006fae   0x00000002   PAD
    0x08006fb0   0x00000008   Code   RO          754    .text               c_w.l(libspace.o)(c_w.l)
    0x08006fb8   0x0000000c   Code   RO          813    .text               c_w.l(rt_fp_status_addr_intlibspace.o)(c_w.l)
    0x08006fc4   0x0000000c   Code   RO          817    .text               c_w.l(sys_exit.o)(c_w.l)
    0x08006fd0   0x00000002   Code   RO          828    .text               c_w.l(use_no_semi.o)(c_w.l)
    0x08006fd2   0x0000000e   Code   RO          800    x$fpl$fpinit        fz_ws.l(fpinit.o)(fz_ws.l)
    0x08006fe0   0x00000008   Data   RO            3    .constdata          main.o
    0x08006fe8   0x0000005e   Data   RO          227    .constdata          os_dbg.o
    0x08007046   0x00000100   Data   RO          243    .constdata          os_core.o
    0x08007146   0x00000014   Data   RO          574    .constdata          stm32f10x_rcc.o
    0x0800715a   0x00000011   Data   RO          695    .constdata          c_w.l(__printf_flags_wp.o)(c_w.l)
    0x0800716b   0x00000001   PAD
    0x0800716c   0x00000020   Data   RO          881    Region$$Table       anon$$obj.o


    Execution Region RW_IRAM1 (Base: 0x20000000, Size: 0x00002320, Max: 0x0000c000, ABSOLUTE)

    Base Addr    Size         Type   Attr      Idx    E Section Name        Object

    0x20000000   0x00000009   Data   RW            4    .data               main.o
    0x20000009   0x00000001   Data   RW          186    .data               bsp.o
    0x2000000a   0x00000002   Data   RW          206    .data               os_cpu_c.o
    0x2000000c   0x00000060   Data   RW          244    .data               os_core.o
    0x2000006c   0x00000005   Data   RW          575    .data               stm32f10x_rcc.o
    0x20000071   0x00000003   PAD
    0x20000074   0x00000350   Zero   RW            2    .bss                main.o
    0x200003c4   0x00000020   Zero   RW          148    .bss                lcd1602.o
    0x200003e4   0x000016d8   Zero   RW          242    .bss                os_core.o
    0x20001abc   0x00000060   Zero   RW          755    .bss                c_w.l(libspace.o)(c_w.l)
    0x20001b1c   0x00000004   PAD
    0x20001b20   0x00000400   Zero   RW          141    HEAP                stm32f10x_vector.o
    0x20001f20   0x00000400   Zero   RW          140    STACK               stm32f10x_vector.o


==============================================================================

Image component sizes


      Code (inc. data)   RO Data    RW Data    ZI Data      Debug   Object Name

       500          6          0          0          0          0   24c64.o
       760         24          0          1          0          0   bsp.o
       122          0          0          0          0          0   cortexm3_macro.o
       880          4          0          0          0          0   ds1302.o
       536         10          0          0         32          0   lcd1602.o
       816        130          8          9        848          0   main.o
      3368        272        256         96       5848          0   os_core.o
       164         32          0          0          0          0   os_cpu_a.o
       212          6          0          2          0          0   os_cpu_c.o
       276        182         94          0          0          0   os_dbg.o
      2116         38          0          0          0          0   os_flag.o
       508         12          0          0          0          0   os_mem.o
      1584         40          0          0          0          0   os_mutex.o
      1532         32          0          0          0          0   os_q.o
       960         18          0          0          0          0   os_sem.o
      2000         64          0          0          0          0   os_task.o
       456         26          0          0          0          0   os_time.o
      1724        116          0          0          0          0   os_tmr.o
      1332         50          0          0          0          0   stm32f10x_flash.o
       808         16          0          0          0          0   stm32f10x_gpio.o
       196          8          0          0          0          0   stm32f10x_it.o
      1112         78          0          0          0          0   stm32f10x_nvic.o
       952         60         20          5          0          0   stm32f10x_rcc.o
       194          0          0          0          0          0   stm32f10x_systick.o
      2888         16          0          0          0          0   stm32f10x_tim.o
       888         14          0          0          0          0   stm32f10x_usart.o
        36         22        304          0       2048          0   stm32f10x_vector.o
       140         26          0          0          0          0   stm32f10x_wwdg.o

    ----------------------------------------------------------------------
     27064       1302        714        116       8776          0   Object Totals
         0          0         32          0          0          0   (incl. Generated)
         4          0          0          3          0          2   (incl. Padding)

    ----------------------------------------------------------------------

      Code (inc. data)   RO Data    RW Data    ZI Data      Debug   Library Member Name

         8          0          0          0          0          0   __main.o
       324          4         17          0          0          0   __printf_flags_wp.o
        52          8          0          0          0          0   __scatter.o
        26          0          0          0          0          0   __scatter_copy.o
        28          0          0          0          0          0   __scatter_zi.o
        48          6          0          0          0          0   _printf_char_common.o
         6          0          0          0          0          0   _printf_d.o
       116         18          0          0          0          0   _printf_dec.o
       180          0          0          0          0          0   _printf_intcommon.o
        80          0          0          0          0          0   _printf_pad.o
         0          0          0          0          0          0   _printf_percent.o
         4          0          0          0          0          0   _printf_percent_end.o
        10          0          0          0          0          0   _sputc.o
        12          0          0          0          0          0   exit.o
         6          0          0          0          0          0   heapauxi.o
         6          0          0          0          0          0   libinit.o
         2          0          0          0          0          0   libinit2.o
         2          0          0          0          0          0   libshutdown.o
         2          0          0          0          0          0   libshutdown2.o
         8          4          0          0         96          0   libspace.o
        40          6          0          0          0          0   noretval__2sprintf.o
        12          4          0          0          0          0   rt_fp_status_addr_intlibspace.o
        68          0          0          0          0          0   rt_memclr.o
        78          0          0          0          0          0   rt_memclr_w.o
         0          0          0          0          0          0   rtentry.o
        12          0          0          0          0          0   rtentry2.o
         6          0          0          0          0          0   rtentry4.o
         2          0          0          0          0          0   rtexit.o
        10          0          0          0          0          0   rtexit2.o
        16          0          0          0          0          0   rtudiv10.o
        12          4          0          0          0          0   sys_exit.o
        74          0          0          0          0          0   sys_stackheap_outer.o
         2          0          0          0          0          0   use_no_semi.o
        14          0          0          0          0          0   fpinit.o

    ----------------------------------------------------------------------
      1272         54         18          0        100          0   Library Totals
         6          0          1          0          4          0   (incl. Padding)

    ----------------------------------------------------------------------

      Code (inc. data)   RO Data    RW Data    ZI Data      Debug   Library Name

      1252         54         17          0         96       1484   c_w.l
        14          0          0          0          0         76   fz_ws.l

    ----------------------------------------------------------------------
      1272         54         18          0        100          0   Library Totals

    ----------------------------------------------------------------------

==============================================================================


      Code (inc. data)   RO Data    RW Data    ZI Data      Debug   

     28336       1356        732        116       8876     236912   Grand Totals
     28336       1356        732        116       8876     236912   ELF Image Totals
     28336       1356        732        116          0          0   ROM Totals

==============================================================================

    Total RO  Size (Code + RO Data)                29068 (  28.39kB)
    Total RW  Size (RW Data + ZI Data)              8992 (   8.78kB)
    Total ROM Size (Code + RO Data + RW Data)      29184 (  28.50kB)

==============================================================================

