<html>
<body>
<pre>
<h1>µVision Build Log</h1>
<h2>Project:</h2>
E:\work\stm32\stm32-diy\trunk\Project\RTOS_LED.uvproj
Project File Date:  11/05/2012

<h2>Output:</h2>
Build target 'Target 1'
compiling main.c...
..\App\main.c(106): warning:  #223-D: function "memset" declared implicitly
..\App\main.c:                  memset(timedat, 0, sizeof(timedat));
..\App\main.c:                  ^
..\App\main.c: ..\App\main.c: 1 warning, 0 errors
linking...
Program Size: Code=28340 RO-data=732 RW-data=116 ZI-data=8876  
FromELF: creating hex file...
"..\Obj\RTOS_LED.axf" - 0 Error(s), 1 Warning(s).
Set JLink Project File to "E:\work\stm32\stm32-diy\trunk\Project\JLinkSettings.ini"
 
JLink info:
------------
DLL: V4.15n, compiled Jun 18 2010 19:55:09
Firmware: J-Link ARM V8 compiled Jun  1 2012 09:22:18
Hardware: V8.00
S/N : 17892859 
Feature(s) : RDI,FlashDL,FlashBP,JFlash 
 
* JLink Info: TotalIRLen = 9, IRPrint = 0x0011
* JLink Info: Found Cortex-M3 r1p1, Little endian.
* JLink Info: TPIU fitted.
* JLink Info:   FPUnit: 6 code (BP) slots and 2 literal slots
ROMTableAddr = 0xE00FF003
 
Target info:
------------
Device: STM32F103VC
VTarget = 3.300V
State of Pins: 
TCK: 1, TDI: 0, TDO: 0, TMS: 0, TRES: 1, TRST: 1
* JLink Info: TotalIRLen = 9, IRPrint = 0x0011
* JLink Info: Found Cortex-M3 r1p1, Little endian.
* JLink Info: TPIU fitted.
* JLink Info:   FPUnit: 6 code (BP) slots and 2 literal slots
Hardware-Breakpoints: 6
Software-Breakpoints: 2048
Watchpoints:          4
JTAG speed: 9600 kHz
 
Full Chip Erase Done.
Load "..\\Obj\\RTOS_LED.AXF" 
Set JLink Project File to "E:\work\stm32\stm32-diy\trunk\Project\JLinkSettings.ini"
 
JLink info:
------------
DLL: V4.15n, compiled Jun 18 2010 19:55:09
Firmware: J-Link ARM V8 compiled Jun  1 2012 09:22:18
Hardware: V8.00
S/N : 17892859 
Feature(s) : RDI,FlashDL,FlashBP,JFlash 
 
* JLink Info: TotalIRLen = 9, IRPrint = 0x0011
* JLink Info: Found Cortex-M3 r1p1, Little endian.
* JLink Info: TPIU fitted.
* JLink Info:   FPUnit: 6 code (BP) slots and 2 literal slots
ROMTableAddr = 0xE00FF003
 
Target info:
------------
Device: STM32F103VC
VTarget = 3.300V
State of Pins: 
TCK: 1, TDI: 0, TDO: 0, TMS: 0, TRES: 1, TRST: 1
* JLink Info: TotalIRLen = 9, IRPrint = 0x0011
* JLink Info: Found Cortex-M3 r1p1, Little endian.
* JLink Info: TPIU fitted.
* JLink Info:   FPUnit: 6 code (BP) slots and 2 literal slots
Hardware-Breakpoints: 6
Software-Breakpoints: 2048
Watchpoints:          4
JTAG speed: 9600 kHz
 
Erase Done.
Programming Done.
Verify OK.
Build target 'Target 1'
compiling main.c...
..\App\main.c(106): warning:  #223-D: function "memset" declared implicitly
..\App\main.c:                  memset(timedat, 0, sizeof(timedat));
..\App\main.c:                  ^
..\App\main.c: ..\App\main.c: 1 warning, 0 errors
linking...
Program Size: Code=28336 RO-data=732 RW-data=116 ZI-data=8876  
FromELF: creating hex file...
"..\Obj\RTOS_LED.axf" - 0 Error(s), 1 Warning(s).
Set JLink Project File to "E:\work\stm32\stm32-diy\trunk\Project\JLinkSettings.ini"
 
JLink info:
------------
DLL: V4.15n, compiled Jun 18 2010 19:55:09
Firmware: J-Link ARM V8 compiled Jun  1 2012 09:22:18
Hardware: V8.00
S/N : 17892859 
Feature(s) : RDI,FlashDL,FlashBP,JFlash 
 
* JLink Info: TotalIRLen = 9, IRPrint = 0x0011
* JLink Info: Found Cortex-M3 r1p1, Little endian.
* JLink Info: TPIU fitted.
* JLink Info:   FPUnit: 6 code (BP) slots and 2 literal slots
ROMTableAddr = 0xE00FF003
 
Target info:
------------
Device: STM32F103VC
VTarget = 3.300V
State of Pins: 
TCK: 1, TDI: 0, TDO: 0, TMS: 0, TRES: 1, TRST: 1
* JLink Info: TotalIRLen = 9, IRPrint = 0x0011
* JLink Info: Found Cortex-M3 r1p1, Little endian.
* JLink Info: TPIU fitted.
* JLink Info:   FPUnit: 6 code (BP) slots and 2 literal slots
Hardware-Breakpoints: 6
Software-Breakpoints: 2048
Watchpoints:          4
JTAG speed: 9600 kHz
 
Full Chip Erase Done.
Load "..\\Obj\\RTOS_LED.AXF" 
Set JLink Project File to "E:\work\stm32\stm32-diy\trunk\Project\JLinkSettings.ini"
 
JLink info:
------------
DLL: V4.15n, compiled Jun 18 2010 19:55:09
Firmware: J-Link ARM V8 compiled Jun  1 2012 09:22:18
Hardware: V8.00
S/N : 17892859 
Feature(s) : RDI,FlashDL,FlashBP,JFlash 
 
* JLink Info: TotalIRLen = 9, IRPrint = 0x0011
* JLink Info: Found Cortex-M3 r1p1, Little endian.
* JLink Info: TPIU fitted.
* JLink Info:   FPUnit: 6 code (BP) slots and 2 literal slots
ROMTableAddr = 0xE00FF003
 
Target info:
------------
Device: STM32F103VC
VTarget = 3.300V
State of Pins: 
TCK: 1, TDI: 0, TDO: 0, TMS: 0, TRES: 1, TRST: 1
* JLink Info: TotalIRLen = 9, IRPrint = 0x0011
* JLink Info: Found Cortex-M3 r1p1, Little endian.
* JLink Info: TPIU fitted.
* JLink Info:   FPUnit: 6 code (BP) slots and 2 literal slots
Hardware-Breakpoints: 6
Software-Breakpoints: 2048
Watchpoints:          4
JTAG speed: 9600 kHz
 
Erase Done.
Programming Done.
Verify OK.
